{"nodeContainer":"youlin-command-9d3408bd-b654-4bc1-8695-9cffd581ec7b","image":"sha256:3ed477794c717c85902ccd54059af2b679b57975c43074d569bdc63fc025a5f7","memoryMiB":4096,"cpus":2,"network":"none","readonlyRoot":true,"writableFiles":["packages/types/src/youlinIdentity.ts","packages/database/src/repositories/youlinIdentity/contracts.ts","packages/database/src/repositories/youlinIdentity/binding.ts","packages/database/src/repositories/youlinIdentity/__tests__/binding.test.ts"],"inheritedHostEnvironment":false}
Explicit-file check only: disposable empty Git metadata; no baseline/diff verification
✓ 4 files · lint clean (2 auto-fixed)

auto-fixed (2 files, full diff: /tmp/check-autofix-1790178706247.diff):
packages/database/src/repositories/youlinIdentity/binding.ts
  (diff 196 lines > 50, truncated — see full diff file)  +135 -40

packages/database/src/repositories/youlinIdentity/__tests__/binding.test.ts
  (diff 147 lines > 50, truncated — see full diff file)  +80 -17
Container autofix evidence: check-autofix-1790178706247.diff
--- a/packages/database/src/repositories/youlinIdentity/binding.ts
+++ b/packages/database/src/repositories/youlinIdentity/binding.ts
@@ -3,7 +3,12 @@
 import { and, eq, gt, isNull, lte, or, sql } from 'drizzle-orm';
 import { z } from 'zod';
 
-import { youlinEmploymentStages, youlinIdentityBindings, youlinPersons, youlinSubjects } from '../../schemas/youlinIdentity';
+import {
+  youlinEmploymentStages,
+  youlinIdentityBindings,
+  youlinPersons,
+  youlinSubjects,
+} from '../../schemas/youlinIdentity';
 import { youlinBindingCases } from '../../schemas/youlinIdentityGovernance';
 import type { LobeChatDatabase } from '../../type';
 import type { IdentityCommandOptions } from './commandRunner';
@@ -25,50 +30,140 @@
 
   constructor(db: LobeChatDatabase, options: IdentityBindingOptions) {
     this.commands = new IdentityCommandRunner(db, options);
-    this.issuers = new Set(z.array(bindingProposalSchema.shape.issuer).min(1).max(16).parse([...options.allowedIssuers]));
+    this.issuers = new Set(
+      z
+        .array(bindingProposalSchema.shape.issuer)
+        .min(1)
+        .max(16)
+        .parse([...options.allowedIssuers]),
+    );
   }
 
   async propose(idempotencyKey: string, input: unknown) {
     const proposal = bindingProposalSchema.parse(input);
     if (!this.issuers.has(proposal.issuer)) throw new YoulinIdentityError('UNTRUSTED_ISSUER');
     const { enterpriseId } = this.commands;
-    return this.commands.run('bind_principal', idempotencyKey, proposal, async (tx) => {
-      const [subject] = await tx.select().from(youlinSubjects).where(and(eq(youlinSubjects.id, proposal.subjectId), eq(youlinSubjects.enterpriseId, enterpriseId))).limit(1).for('update');
-      if (!subject || subject.kind !== 'user') throw new YoulinIdentityError('SUBJECT_UNAVAILABLE');
-      if (subject.authEpoch === Number.MAX_SAFE_INTEGER || subject.authorityVersion === Number.MAX_SAFE_INTEGER) throw new YoulinIdentityError('SUBJECT_TERMINAL');
-      if (subject.status === 'disabled') throw new YoulinIdentityError('REACTIVATION_REVIEW_REQUIRED');
-      const [person] = await tx.select().from(youlinPersons).where(and(eq(youlinPersons.enterpriseId, enterpriseId), eq(youlinPersons.subjectId, subject.id), eq(youlinPersons.source, 'xinrenxinshi'))).limit(1);
-      if (!person || person.personKey !== proposal.personKey) throw new YoulinIdentityError('HR_ANCHOR_MISMATCH');
-      if (person.requiresReconciliation) throw new YoulinIdentityError('HR_NOT_RECONCILED');
-      const stages = await tx.select().from(youlinEmploymentStages).where(and(
-        eq(youlinEmploymentStages.enterpriseId, enterpriseId), eq(youlinEmploymentStages.personId, person.id), eq(youlinEmploymentStages.status, 'active'),
-        or(isNull(youlinEmploymentStages.effectiveFrom), lte(youlinEmploymentStages.effectiveFrom, sql`clock_timestamp()`)),
-        or(isNull(youlinEmploymentStages.effectiveTo), gt(youlinEmploymentStages.effectiveTo, sql`clock_timestamp()`)),
-      )).limit(2);
-      if (stages.length !== 1 || stages[0].legalEntityCode !== proposal.legalEntityCode) throw new YoulinIdentityError('HR_ANCHOR_MISMATCH');
-      const [existing] = await tx.select().from(youlinIdentityBindings).where(and(eq(youlinIdentityBindings.issuer, proposal.issuer), eq(youlinIdentityBindings.externalSubject, proposal.externalSubject))).limit(1);
-      if (existing?.subjectId === subject.id && existing.status === 'active')
-        return { detail: { bindingId: existing.id }, result: { bindingId: existing.id, status: 'linked', subjectId: subject.id }, subjectId: subject.id };
-      const [actor] = await tx.select({ kind: youlinSubjects.kind }).from(youlinSubjects).where(eq(youlinSubjects.id, this.commands.actor.subjectId)).limit(1);
-      if (existing || actor.kind !== 'service') {
-        const caseId = randomUUID();
-        const reason = existing ? 'principal_in_use' : 'manual_binding_request';
-        await tx.insert(youlinBindingCases).values({
-          candidateHash: createHash('sha256').update(JSON.stringify(proposal)).digest('hex'),
-          enterpriseId, externalSubject: proposal.externalSubject, id: caseId, issuer: proposal.issuer,
-          personKey: person.personKey, reason, subjectId: subject.id, subjectVersion: subject.authorityVersion,
-          submitterId: this.commands.actor.subjectId,
-        });
-        // No previous-owner identifier, tenant or profile is disclosed in the candidate or result.
-        return { detail: { caseId, reason }, result: { caseId, status: existing ? 'conflict' : 'review_required' }, subjectId: subject.id };
-      }
-      const bindingId = randomUUID();
-      await tx.insert(youlinIdentityBindings).values({ enterpriseId, externalSubject: proposal.externalSubject, id: bindingId, issuer: proposal.issuer, subjectId: subject.id });
-      const { authEpoch } = await invalidateSubjectAuthority(tx, subject, 'pending');
-      return {
-        detail: { authEpoch, bindingId, needsCredentialRevocation: true },
-        result: { bindingId, status: 'linked', subjectId: subject.id }, subjectId: subject.id,
-      };
-    }, JSON.stringify([proposal.issuer, proposal.externalSubject]));
+    return this.commands.run(
+      'bind_principal',
+      idempotencyKey,
+      proposal,
+      async (tx) => {
+        const [subject] = await tx
+          .select()
+          .from(youlinSubjects)
+          .where(
+            and(
+              eq(youlinSubjects.id, proposal.subjectId),
+              eq(youlinSubjects.enterpriseId, enterpriseId),
+            ),
+          )
+          .limit(1)
+          .for('update');
+        if (!subject || subject.kind !== 'user')
+          throw new YoulinIdentityError('SUBJECT_UNAVAILABLE');
+        if (
+          subject.authEpoch === Number.MAX_SAFE_INTEGER ||
+          subject.authorityVersion === Number.MAX_SAFE_INTEGER
+        )
+          throw new YoulinIdentityError('SUBJECT_TERMINAL');
+        if (subject.status === 'disabled')
+          throw new YoulinIdentityError('REACTIVATION_REVIEW_REQUIRED');
+        const [person] = await tx
+          .select()
+          .from(youlinPersons)
+          .where(
+            and(
+              eq(youlinPersons.enterpriseId, enterpriseId),
+              eq(youlinPersons.subjectId, subject.id),
+              eq(youlinPersons.source, 'xinrenxinshi'),
+            ),
+          )
+          .limit(1);
+        if (!person || person.personKey !== proposal.personKey)
+          throw new YoulinIdentityError('HR_ANCHOR_MISMATCH');
+        if (person.requiresReconciliation) throw new YoulinIdentityError('HR_NOT_RECONCILED');
+        const stages = await tx
+          .select()
+          .from(youlinEmploymentStages)
+          .where(
+            and(
+              eq(youlinEmploymentStages.enterpriseId, enterpriseId),
+              eq(youlinEmploymentStages.personId, person.id),
+              eq(youlinEmploymentStages.status, 'active'),
+              or(
+                isNull(youlinEmploymentStages.effectiveFrom),
+                lte(youlinEmploymentStages.effectiveFrom, sql`clock_timestamp()`),
+              ),
+              or(
+                isNull(youlinEmploymentStages.effectiveTo),
+                gt(youlinEmploymentStages.effectiveTo, sql`clock_timestamp()`),
+              ),
+            ),
+          )
+          .limit(2);
+        if (stages.length !== 1 || stages[0].legalEntityCode !== proposal.legalEntityCode)
+          throw new YoulinIdentityError('HR_ANCHOR_MISMATCH');
+        const [existing] = await tx
+          .select()
+          .from(youlinIdentityBindings)
+          .where(
+            and(
+              eq(youlinIdentityBindings.issuer, proposal.issuer),
+              eq(youlinIdentityBindings.externalSubject, proposal.externalSubject),
+            ),
+          )
+          .limit(1);
+        if (existing?.subjectId === subject.id && existing.status === 'active')
+          return {
+            detail: { bindingId: existing.id },
+            result: { bindingId: existing.id, status: 'linked', subjectId: subject.id },
+            subjectId: subject.id,
+          };
+        const [actor] = await tx
+          .select({ kind: youlinSubjects.kind })
+          .from(youlinSubjects)
+          .where(eq(youlinSubjects.id, this.commands.actor.subjectId))
+          .limit(1);
+        if (existing || actor.kind !== 'service') {
+          const caseId = randomUUID();
+          const reason = existing ? 'principal_in_use' : 'manual_binding_request';
+          await tx.insert(youlinBindingCases).values({
+            candidateHash: createHash('sha256').update(JSON.stringify(proposal)).digest('hex'),
+            enterpriseId,
+            externalSubject: proposal.externalSubject,
+            id: caseId,
+            issuer: proposal.issuer,
+            personKey: person.personKey,
+            reason,
+            subjectId: subject.id,
+            subjectVersion: subject.authorityVersion,
+            submitterId: this.commands.actor.subjectId,
+          });
+          // No previous-owner identifier, tenant or profile is disclosed in the candidate or result.
+          return {
+            detail: { caseId, reason },
+            result: { caseId, status: existing ? 'conflict' : 'review_required' },
+            subjectId: subject.id,
+          };
+        }
+        const bindingId = randomUUID();
+        await tx
+          .insert(youlinIdentityBindings)
+          .values({
+            enterpriseId,
+            externalSubject: proposal.externalSubject,
+            id: bindingId,
+            issuer: proposal.issuer,
+            subjectId: subject.id,
+          });
+        const { authEpoch } = await invalidateSubjectAuthority(tx, subject, 'pending');
+        return {
+          detail: { authEpoch, bindingId, needsCredentialRevocation: true },
+          result: { bindingId, status: 'linked', subjectId: subject.id },
+          subjectId: subject.id,
+        };
+      },
+      JSON.stringify([proposal.issuer, proposal.externalSubject]),
+    );
   }
 }

--- a/packages/database/src/repositories/youlinIdentity/__tests__/binding.test.ts
+++ b/packages/database/src/repositories/youlinIdentity/__tests__/binding.test.ts
@@ -3,7 +3,11 @@
 import { afterAll, beforeAll, beforeEach, describe, expect, it } from 'vitest';
 
 import { users } from '../../../schemas/user';
-import { youlinEmploymentStages, youlinIdentityBindings, youlinSubjects } from '../../../schemas/youlinIdentity';
+import {
+  youlinEmploymentStages,
+  youlinIdentityBindings,
+  youlinSubjects,
+} from '../../../schemas/youlinIdentity';
 import { youlinBindingCases } from '../../../schemas/youlinIdentityGovernance';
 import { YoulinIdentityBinding } from '../binding';
 import { YoulinIdentityEmployment } from '../employment';
@@ -18,11 +22,27 @@
   let binding: YoulinIdentityBinding;
   let first: YoulinBindingProposal;
   let second: YoulinBindingProposal;
-  const options = () => ({ actor, allowedIssuers: [issuer], enabled: true, enterpriseId: 'a', lockTimeoutMs: 1000, sqlTimeoutMs: 3000 });
-  beforeAll(async () => { fixture = await createIdentityTestDatabase(); });
-  afterAll(async () => { if (fixture) await fixture.close(); });
+  const options = () => ({
+    actor,
+    allowedIssuers: [issuer],
+    enabled: true,
+    enterpriseId: 'a',
+    lockTimeoutMs: 1000,
+    sqlTimeoutMs: 3000,
+  });
+  beforeAll(async () => {
+    fixture = await createIdentityTestDatabase();
+  });
+  afterAll(async () => {
+    if (fixture) await fixture.close();
+  });
   beforeEach(async () => {
-    await fixture.reset(); actor = await fixture.seedActor('a', ['identity:provision', 'identity:sync-hr', 'identity:bind']);
+    await fixture.reset();
+    actor = await fixture.seedActor('a', [
+      'identity:provision',
+      'identity:sync-hr',
+      'identity:bind',
+    ]);
     const registration = new YoulinIdentityRegistration(fixture.db, options());
     const hr = new YoulinIdentityEmployment(fixture.db, options());
     const proposals: YoulinBindingProposal[] = [];
@@ -32,8 +52,25 @@
       await fixture.db.insert(users).values({ id: userId });
       const result = await registration.registerPerson(personKey, { personKey, userId });
       if (result.status !== 'created') throw new Error('Expected synthetic subject');
-      await hr.applySnapshot(personKey, { personKey, sourceVersion: 1, stages: [{ employeeNumber: `YY202600${suffix}`, legalEntityCode: 'entity-a', sourceStageKey: 'first', status: 'active' }] });
-      proposals.push({ externalSubject: 'principal', issuer, legalEntityCode: 'entity-a', personKey, subjectId: result.subjectId });
+      await hr.applySnapshot(personKey, {
+        personKey,
+        sourceVersion: 1,
+        stages: [
+          {
+            employeeNumber: `YY202600${suffix}`,
+            legalEntityCode: 'entity-a',
+            sourceStageKey: 'first',
+            status: 'active',
+          },
+        ],
+      });
+      proposals.push({
+        externalSubject: 'principal',
+        issuer,
+        legalEntityCode: 'entity-a',
+        personKey,
+        subjectId: result.subjectId,
+      });
     }
     [first, second] = proposals;
     binding = new YoulinIdentityBinding(fixture.db, options());
@@ -42,11 +79,21 @@
   it('links a verified service proposal but invalidates credentials and never activates the employee', async () => {
     const result = await binding.propose('bind', first);
     expect(result.status).toBe('linked');
-    const [subject] = await fixture.db.select().from(youlinSubjects).where(eq(youlinSubjects.id, first.subjectId));
-    expect(subject).toMatchObject({ authEpoch: 2, idpRevocationConfirmedEpoch: null, status: 'pending' });
+    const [subject] = await fixture.db
+      .select()
+      .from(youlinSubjects)
+      .where(eq(youlinSubjects.id, first.subjectId));
+    expect(subject).toMatchObject({
+      authEpoch: 2,
+      idpRevocationConfirmedEpoch: null,
+      status: 'pending',
+    });
     expect(await binding.propose('same-mapping', first)).toEqual(result);
     expect(await fixture.db.select().from(youlinIdentityBindings)).toHaveLength(1);
-    const [unchanged] = await fixture.db.select().from(youlinSubjects).where(eq(youlinSubjects.id, first.subjectId));
+    const [unchanged] = await fixture.db
+      .select()
+      .from(youlinSubjects)
+      .where(eq(youlinSubjects.id, first.subjectId));
     expect(unchanged.authEpoch).toBe(2);
   });
 
@@ -69,23 +116,39 @@
   });
 
   it('rejects mismatched HR persons and legal entities instead of trusting the requested anchor', async () => {
-    await expect(binding.propose('wrong-person', { ...first, personKey: second.personKey })).rejects.toMatchObject({ code: 'HR_ANCHOR_MISMATCH' });
-    await expect(binding.propose('wrong-entity', { ...first, legalEntityCode: 'entity-b' })).rejects.toMatchObject({ code: 'HR_ANCHOR_MISMATCH' });
+    await expect(
+      binding.propose('wrong-person', { ...first, personKey: second.personKey }),
+    ).rejects.toMatchObject({ code: 'HR_ANCHOR_MISMATCH' });
+    await expect(
+      binding.propose('wrong-entity', { ...first, legalEntityCode: 'entity-b' }),
+    ).rejects.toMatchObject({ code: 'HR_ANCHOR_MISMATCH' });
     expect(await fixture.db.select().from(youlinIdentityBindings)).toHaveLength(0);
   });
 
   it('rejects an expired employment stage even when the stored stage status says active', async () => {
-    await fixture.db.update(youlinEmploymentStages).set({ effectiveTo: new Date('2000-01-01T00:00:00Z') });
-    await expect(binding.propose('expired', first)).rejects.toMatchObject({ code: 'HR_ANCHOR_MISMATCH' });
+    await fixture.db
+      .update(youlinEmploymentStages)
+      .set({ effectiveTo: new Date('2000-01-01T00:00:00Z') });
+    await expect(binding.propose('expired', first)).rejects.toMatchObject({
+      code: 'HR_ANCHOR_MISMATCH',
+    });
   });
 
   it('rejects unregistered issuers before creating a mapping', async () => {
-    await expect(binding.propose('issuer', { ...first, issuer: 'https://other.example.invalid' })).rejects.toMatchObject({ code: 'UNTRUSTED_ISSUER' });
+    await expect(
+      binding.propose('issuer', { ...first, issuer: 'https://other.example.invalid' }),
+    ).rejects.toMatchObject({ code: 'UNTRUSTED_ISSUER' });
   });
 
   it('cannot use a foreign enterprise subject even with a bind grant', async () => {
     const foreignActor = await fixture.seedActor('b', ['identity:bind']);
-    const foreign = new YoulinIdentityBinding(fixture.db, { ...options(), actor: foreignActor, enterpriseId: 'b' });
-    await expect(foreign.propose('foreign', first)).rejects.toMatchObject({ code: 'SUBJECT_UNAVAILABLE' });
+    const foreign = new YoulinIdentityBinding(fixture.db, {
+      ...options(),
+      actor: foreignActor,
+      enterpriseId: 'b',
+    });
+    await expect(foreign.propose('foreign', first)).rejects.toMatchObject({
+      code: 'SUBJECT_UNAVAILABLE',
+    });
   });
 });

$ bun run .agents/scripts/check/cli.ts --lint packages/types/src/youlinIdentity.ts packages/database/src/repositories/youlinIdentity/contracts.ts packages/database/src/repositories/youlinIdentity/binding.ts packages/database/src/repositories/youlinIdentity/__tests__/binding.test.ts
{"container":"youlin-command-9d3408bd-b654-4bc1-8695-9cffd581ec7b","exitCode":0,"oomKilled":false,"status":"exited"}
Command container cleanup: verified
