{"container":"youlin-nodepg-1b9a9fe9-0edd-448f-bb47-3aa5db80637e","runner":"youlin-nodepg-runner-1b9a9fe9-0edd-448f-bb47-3aa5db80637e","volume":"youlin-nodepg-socket-1b9a9fe9-0edd-448f-bb47-3aa5db80637e","image":"sha256:fe0737ba566a2c5b2a28f34433c0a423261900ec17b9bf7ad115e1aae7e57f1b","network":"none","ports":[],"hostTestExecution":false}
Database isolation verified: no host bind, no network/TCP, RAM socket volume only
CREATE SCHEMA
REVOKE
CREATE TABLE
CREATE TABLE
CREATE TABLE
CREATE TABLE
CREATE FUNCTION
CREATE FUNCTION
REVOKE
REVOKE
CREATE TABLE
CREATE TABLE
ALTER TABLE
CREATE INDEX
CREATE INDEX
CREATE INDEX
CREATE INDEX
Timing is on.
                                  json_build_object                                  
-------------------------------------------------------------------------------------
 {"scope" : "disposable synthetic only", "usersRows" : 0, "usersTableBytes" : 81920}
(1 row)

Time: 0.935 ms
BEGIN
Time: 0.027 ms
CREATE TABLE
Time: 1.869 ms
CREATE TABLE
Time: 2.099 ms
CREATE TABLE
Time: 2.414 ms
CREATE TABLE
Time: 2.873 ms
CREATE TABLE
Time: 2.386 ms
CREATE TABLE
Time: 1.774 ms
CREATE TABLE
Time: 2.044 ms
CREATE TABLE
Time: 1.985 ms
CREATE TABLE
Time: 2.118 ms
ALTER TABLE
Time: 0.100 ms
ALTER TABLE
Time: 1.201 ms
ALTER TABLE
Time: 0.093 ms
ALTER TABLE
Time: 0.986 ms
ALTER TABLE
Time: 0.068 ms
ALTER TABLE
Time: 0.881 ms
ALTER TABLE
Time: 0.076 ms
ALTER TABLE
Time: 0.879 ms
ALTER TABLE
Time: 0.091 ms
ALTER TABLE
Time: 0.936 ms
ALTER TABLE
Time: 0.057 ms
ALTER TABLE
Time: 0.890 ms
ALTER TABLE
Time: 0.056 ms
ALTER TABLE
Time: 0.972 ms
ALTER TABLE
Time: 0.092 ms
ALTER TABLE
Time: 0.903 ms
ALTER TABLE
Time: 0.067 ms
ALTER TABLE
Time: 0.887 ms
ALTER TABLE
Time: 0.055 ms
ALTER TABLE
Time: 0.911 ms
ALTER TABLE
Time: 0.054 ms
ALTER TABLE
Time: 1.046 ms
ALTER TABLE
Time: 0.068 ms
ALTER TABLE
Time: 0.922 ms
ALTER TABLE
Time: 0.090 ms
ALTER TABLE
Time: 0.851 ms
CREATE INDEX
Time: 0.488 ms
CREATE INDEX
Time: 0.542 ms
CREATE INDEX
Time: 0.438 ms
CREATE INDEX
Time: 0.477 ms
CREATE INDEX
Time: 0.448 ms
CREATE INDEX
Time: 0.407 ms
CREATE INDEX
Time: 0.507 ms
CREATE INDEX
Time: 0.428 ms
CREATE INDEX
Time: 0.470 ms
CREATE INDEX
Time: 0.519 ms
CREATE INDEX
Time: 0.482 ms
CREATE INDEX
Time: 0.467 ms
CREATE INDEX
Time: 0.527 ms
CREATE INDEX
Time: 0.421 ms
CREATE INDEX
Time: 0.502 ms
COMMIT
Time: 0.265 ms
BEGIN
Time: 0.142 ms
CREATE TABLE
Time: 0.112 ms
CREATE TABLE
Time: 0.074 ms
CREATE TABLE
Time: 0.068 ms
CREATE TABLE
Time: 0.078 ms
CREATE TABLE
Time: 0.080 ms
CREATE TABLE
Time: 0.057 ms
CREATE TABLE
Time: 0.050 ms
CREATE TABLE
Time: 0.050 ms
CREATE TABLE
Time: 0.057 ms
ALTER TABLE
Time: 1.364 ms
ALTER TABLE
Time: 1.534 ms
ALTER TABLE
Time: 0.942 ms
ALTER TABLE
Time: 1.536 ms
ALTER TABLE
Time: 0.795 ms
ALTER TABLE
Time: 1.027 ms
ALTER TABLE
Time: 0.852 ms
ALTER TABLE
Time: 0.931 ms
ALTER TABLE
Time: 0.929 ms
ALTER TABLE
Time: 1.216 ms
ALTER TABLE
Time: 0.838 ms
ALTER TABLE
Time: 1.098 ms
ALTER TABLE
Time: 0.833 ms
ALTER TABLE
Time: 1.084 ms
ALTER TABLE
Time: 0.880 ms
ALTER TABLE
Time: 1.166 ms
ALTER TABLE
Time: 0.861 ms
ALTER TABLE
Time: 1.263 ms
ALTER TABLE
Time: 0.783 ms
ALTER TABLE
Time: 1.048 ms
ALTER TABLE
Time: 0.806 ms
ALTER TABLE
Time: 1.188 ms
ALTER TABLE
Time: 0.821 ms
ALTER TABLE
Time: 1.020 ms
ALTER TABLE
Time: 0.854 ms
ALTER TABLE
Time: 1.159 ms
CREATE INDEX
Time: 0.155 ms
CREATE INDEX
Time: 0.172 ms
CREATE INDEX
Time: 0.112 ms
CREATE INDEX
Time: 0.137 ms
CREATE INDEX
Time: 0.108 ms
CREATE INDEX
Time: 0.091 ms
CREATE INDEX
Time: 0.148 ms
CREATE INDEX
Time: 0.092 ms
CREATE INDEX
Time: 0.117 ms
CREATE INDEX
Time: 0.167 ms
CREATE INDEX
Time: 0.120 ms
CREATE INDEX
Time: 0.145 ms
CREATE INDEX
Time: 0.172 ms
CREATE INDEX
Time: 0.091 ms
CREATE INDEX
Time: 0.146 ms
COMMIT
Time: 0.121 ms
Timing is off.
CREATE TABLE
INSERT 0 1
CREATE ROLE
GRANT
GRANT
REVOKE
{"nodeContainer":"youlin-nodepg-runner-1b9a9fe9-0edd-448f-bb47-3aa5db80637e","image":"sha256:3ed477794c717c85902ccd54059af2b679b57975c43074d569bdc63fc025a5f7","memoryMiB":2048,"cpus":2,"network":"none","readonlyRoot":true,"writableFiles":[],"inheritedHostEnvironment":false}
RUN  v5.0.0 /workspace/packages/database

stdout | src/repositories/youlinIdentity/__tests__/commandRunner.test.ts
◇ injected env (0) from .env // tip: ◈ secrets for agents [www.dotenvx.com]

 ✓ src/repositories/youlinIdentity/__tests__/commandRunner.test.ts > identity transactional command boundary > is explicitly opt-in and refuses an already borrowed Drizzle transaction 59ms
 ✓ src/repositories/youlinIdentity/__tests__/commandRunner.test.ts > identity transactional command boundary > commits state, receipt, audit and outbox together and deduplicates concurrent retries 95ms
 ✓ src/repositories/youlinIdentity/__tests__/commandRunner.test.ts > identity transactional command boundary > rejects reuse with different arguments without an extra mutation 69ms
 ✓ src/repositories/youlinIdentity/__tests__/commandRunner.test.ts > identity transactional command boundary > requires current permission even for a previously committed receipt 56ms
 ✓ src/repositories/youlinIdentity/__tests__/commandRunner.test.ts > identity transactional command boundary > denies stale epochs, disabled actors and cross-enterprise actor reuse 54ms
 ✓ src/repositories/youlinIdentity/__tests__/commandRunner.test.ts > identity transactional command boundary > does not restore old grants just because the actor has a fresh epoch 38ms
 ✓ src/repositories/youlinIdentity/__tests__/commandRunner.test.ts > identity transactional command boundary > rechecks authority after waiting on the enterprise lock 38ms
 ✓ src/repositories/youlinIdentity/__tests__/commandRunner.test.ts > identity transactional command boundary > does not let a legacy banned application user act through an otherwise active registry 28ms
 ✓ src/repositories/youlinIdentity/__tests__/commandRunner.test.ts > identity transactional command boundary > rolls back all state on an audit insertion failure 38ms
 ✓ src/repositories/youlinIdentity/__tests__/commandRunner.test.ts > identity transactional command boundary > correlates unexpected failures without logging private error messages 38ms
 ✓ src/repositories/youlinIdentity/__tests__/commandRunner.test.ts > identity transactional command boundary > labels malformed fresh results as validation failures, not stored corruption 37ms
 ✓ src/repositories/youlinIdentity/__tests__/commandRunner.test.ts > identity transactional command boundary > revalidates database-stored receipts instead of forwarding unknown allow payloads 50ms
stdout | src/repositories/youlinIdentity/__tests__/employment.test.ts
◇ injected env (0) from .env // tip: ⌘ multiple files { path: ['.env.local', '.env'] }

 ✓ src/repositories/youlinIdentity/__tests__/employment.test.ts > normalized authoritative HR snapshots > accepts the first complete snapshot without automatically activating or granting access 102ms
 ✓ src/repositories/youlinIdentity/__tests__/employment.test.ts > normalized authoritative HR snapshots > preserves the natural person/account and ended stages through offboarding and rehire 125ms
 ✓ src/repositories/youlinIdentity/__tests__/employment.test.ts > normalized authoritative HR snapshots > does not rotate credentials for an unchanged snapshot with a newer source revision 114ms
 ✓ src/repositories/youlinIdentity/__tests__/employment.test.ts > normalized authoritative HR snapshots > normalizes equivalent timestamps and stage order before hashing 117ms
 ✓ src/repositories/youlinIdentity/__tests__/employment.test.ts > normalized authoritative HR snapshots > rejects stale revisions and quarantines contradictory content at the same revision 174ms
 ✓ src/repositories/youlinIdentity/__tests__/employment.test.ts > normalized authoritative HR snapshots > does not resurrect an ended stage by reusing its old stage key 122ms
 ✓ src/repositories/youlinIdentity/__tests__/employment.test.ts > normalized authoritative HR snapshots > quarantines unapproved parallel employment without choosing an arbitrary winner 99ms
 ✓ src/repositories/youlinIdentity/__tests__/employment.test.ts > normalized authoritative HR snapshots > serializes competing employee keys and quarantines exactly one candidate 134ms
 ✓ src/repositories/youlinIdentity/__tests__/employment.test.ts > normalized authoritative HR snapshots > isolates enterprise anchors even for a privileged HR service 93ms
 ✓ src/repositories/youlinIdentity/__tests__/employment.test.ts > normalized authoritative HR snapshots > does not let ordinary provisioning permission or a human account impersonate the HR service 109ms
stdout | src/repositories/youlinIdentity/__tests__/outbox.test.ts
◇ injected env (0) from .env // tip: ⌘ suppress logs { quiet: true }

 ✓ src/repositories/youlinIdentity/__tests__/outbox.test.ts > private identity event outbox > lets only one racing relay lease an event; delivery is not IdP cleanup proof 95ms
 ✓ src/repositories/youlinIdentity/__tests__/outbox.test.ts > private identity event outbox > reclaims an expired lease with a new token and rejects the old worker 86ms
 ✓ src/repositories/youlinIdentity/__tests__/outbox.test.ts > private identity event outbox > bounds retries and retains exhausted events as dead, not silently discarded 81ms
 ✓ src/repositories/youlinIdentity/__tests__/outbox.test.ts > private identity event outbox > marks a crash-expired final attempt dead instead of leasing indefinitely 77ms
 ✓ src/repositories/youlinIdentity/__tests__/outbox.test.ts > private identity event outbox > rejects acknowledgement when a lease expires while waiting for the control lock 102ms
 ✓ src/repositories/youlinIdentity/__tests__/outbox.test.ts > private identity event outbox > honors backoff using database time 77ms
 ✓ src/repositories/youlinIdentity/__tests__/outbox.test.ts > private identity event outbox > does not claim or acknowledge another enterprise even with its token 74ms
stdout | src/repositories/youlinIdentity/__tests__/binding.test.ts
◇ injected env (0) from .env // tip: ⌁ auth for agents [www.vestauth.com]

 ✓ src/repositories/youlinIdentity/__tests__/binding.test.ts > HR anchored principal binding > links a verified service proposal but invalidates credentials and never activates the employee 131ms
 ✓ src/repositories/youlinIdentity/__tests__/binding.test.ts > HR anchored principal binding > serializes two candidates for the same principal without overwriting the first mapping 95ms
 ✓ src/repositories/youlinIdentity/__tests__/binding.test.ts > HR anchored principal binding > routes human proposals to review without creating a binding 96ms
 ✓ src/repositories/youlinIdentity/__tests__/binding.test.ts > HR anchored principal binding > rejects mismatched HR persons and legal entities instead of trusting the requested anchor 114ms
 ✓ src/repositories/youlinIdentity/__tests__/binding.test.ts > HR anchored principal binding > rejects an expired employment stage even when the stored stage status says active 140ms
 ✓ src/repositories/youlinIdentity/__tests__/binding.test.ts > HR anchored principal binding > rejects unregistered issuers before creating a mapping 144ms
 ✓ src/repositories/youlinIdentity/__tests__/binding.test.ts > HR anchored principal binding > cannot use a foreign enterprise subject even with a bind grant 162ms
stdout | src/repositories/youlinIdentity/__tests__/revocation.test.ts
◇ injected env (0) from .env // tip: ◈ secrets for agents [www.dotenvx.com]

 ✓ src/repositories/youlinIdentity/__tests__/revocation.test.ts > persistent identity revocation > atomically denies, increments epoch, removes grants and persists durable provider intent 73ms
 ✓ src/repositories/youlinIdentity/__tests__/revocation.test.ts > persistent identity revocation > serializes competing CAS commands: only one advances the target epoch 42ms
 ✓ src/repositories/youlinIdentity/__tests__/revocation.test.ts > persistent identity revocation > cannot revoke another enterprise subject 40ms
 ✓ src/repositories/youlinIdentity/__tests__/revocation.test.ts > persistent identity revocation > fails closed at epoch exhaustion rather than overflowing or leaving access active 39ms
stdout | src/repositories/youlinIdentity/__tests__/registration.test.ts
◇ injected env (0) from .env // tip: ⌘ override existing { override: true }

 ✓ src/repositories/youlinIdentity/__tests__/registration.test.ts > HR-anchored registration > creates one pending, unreconciled subject with no inherited permissions 74ms
 ✓ src/repositories/youlinIdentity/__tests__/registration.test.ts > HR-anchored registration > deduplicates concurrent registration without creating a second natural person 56ms
 ✓ src/repositories/youlinIdentity/__tests__/registration.test.ts > HR-anchored registration > does not silently merge two HR anchors into one application account 51ms
 ✓ src/repositories/youlinIdentity/__tests__/registration.test.ts > HR-anchored registration > does not allow cross-enterprise rebinding or reveal the other enterprise 45ms
 ✓ src/repositories/youlinIdentity/__tests__/registration.test.ts > HR-anchored registration > rejects missing and banned accounts without a partial subject or receipt 44ms
stdout | src/repositories/youlinIdentity/__tests__/contracts.test.ts
◇ injected env (0) from .env // tip: ◈ secrets for agents [www.dotenvx.com]

 ✓ src/repositories/youlinIdentity/__tests__/contracts.test.ts > identity transport/storage contracts > does not infer identity from an employee-number format or employee email 6ms
 ✓ src/repositories/youlinIdentity/__tests__/contracts.test.ts > identity transport/storage contracts > rejects forged actor permissions and non-numeric epochs 2ms
 ✓ src/repositories/youlinIdentity/__tests__/contracts.test.ts > identity transport/storage contracts > preserves the safe-integer epoch/revision boundary 1ms
 ✓ src/repositories/youlinIdentity/__tests__/contracts.test.ts > identity transport/storage contracts > requires the explicit HR/legal-entity anchor for a human principal binding 2ms
 ✓ src/repositories/youlinIdentity/__tests__/contracts.test.ts > identity transport/storage contracts > bounds UTF-8 issuer size before a composite database index is written 1ms
 ✓ src/repositories/youlinIdentity/__tests__/contracts.test.ts > identity transport/storage contracts > accepts an empty complete stage set but rejects duplicate stage keys 2ms
 ✓ src/repositories/youlinIdentity/__tests__/contracts.test.ts > identity transport/storage contracts > rejects inverted employment intervals and oversized snapshots 2ms
 ✓ src/repositories/youlinIdentity/__tests__/contracts.test.ts > identity transport/storage contracts > does not accept invented allow receipts or secrets in persisted command results 2ms
stdout | src/repositories/youlinIdentity/__tests__/integrity.test.ts
◇ injected env (0) from .env // tip: ◈ secrets for agents [www.dotenvx.com]

 ✓ src/repositories/youlinIdentity/__tests__/integrity.test.ts > generated identity schema integrity > rejects cross-enterprise bindings and grants at the database boundary 52ms
 ✓ src/repositories/youlinIdentity/__tests__/integrity.test.ts > generated identity schema integrity > reserves a principal globally, even after its binding is revoked 36ms
 ✓ src/repositories/youlinIdentity/__tests__/integrity.test.ts > generated identity schema integrity > enforces current legal-entity employee-number uniqueness without guessing global uniqueness 42ms
stdout | src/repositories/youlinIdentity/__tests__/lifecycle.test.ts
◇ injected env (0) from .env // tip: ⌘ enable debugging { debug: true }

 ✓ src/repositories/youlinIdentity/__tests__/lifecycle.test.ts > shared credential invalidation transition > never moves the credential barrier backwards and never restores old grants 49ms
 ✓ src/repositories/youlinIdentity/__tests__/lifecycle.test.ts > shared credential invalidation transition > rejects stale target revisions without deleting grants or overwriting newer state 26ms
 ✓ src/repositories/youlinIdentity/__tests__/lifecycle.test.ts > shared credential invalidation transition > turns the last representable transition into permanent denial, not pending activation 26ms
stdout | src/repositories/youlinIdentity/__tests__/authorityTransaction.test.ts
◇ injected env (0) from .env // tip: ⌘ suppress logs { quiet: true }

 ✓ src/repositories/youlinIdentity/__tests__/authorityTransaction.test.ts > shared authority transaction > uses a fresh writable read-committed transaction and snapshots caller options 51ms
 ✓ src/repositories/youlinIdentity/__tests__/authorityTransaction.test.ts > shared authority transaction > requires the operation-specific current grant 30ms
 ✓ src/repositories/youlinIdentity/__tests__/authorityTransaction.test.ts > shared authority transaction > denies terminal-epoch actors even if inconsistent data says active with a matching grant 31ms

 Test Files  10 passed (10)
      Tests  62 passed (62)
   Start at  15:40:55
   Duration  37.66s (import 62%, transform 15%, tests 12%, environment 10%, setup 1%)

     Import  342 modules were evaluated 2841 times · 22.39s total, 62% of tracked time
             ~19.70s faster with isolate: false — shared modules are evaluated once per worker instead of once per file
             learn more: https://vitest.dev/guide/improving-performance#test-isolation

stderr | src/repositories/youlinIdentity/__tests__/commandRunner.test.ts > identity transactional command boundary > rolls back all state on an audit insertion failure
[YoulinIdentity] Command result requires reconciliation {
  attemptId: 'fe26a6b3-ece1-4b7a-ab13-f2f66bd7209d',
  category: 'internal_or_commit_unconfirmed',
  operation: 'register_person'
}

stderr | src/repositories/youlinIdentity/__tests__/commandRunner.test.ts > identity transactional command boundary > revalidates database-stored receipts instead of forwarding unknown allow payloads
[YoulinIdentity] Command result requires reconciliation {
  attemptId: '773e06aa-a218-4013-b83f-51bc826f403c',
  category: 'validation',
  operation: 'register_person'
}
{"container":"youlin-nodepg-runner-1b9a9fe9-0edd-448f-bb47-3aa5db80637e","exitCode":0,"oomKilled":false,"status":"exited"}
Containerized identity repository integration: passed
Both containers and RAM socket volume cleanup: verified
