{"container":"youlin-nodepg-bc8b6f34-3905-4964-bc06-51c0a31ff6db","runner":"youlin-nodepg-runner-bc8b6f34-3905-4964-bc06-51c0a31ff6db","volume":"youlin-nodepg-socket-bc8b6f34-3905-4964-bc06-51c0a31ff6db","image":"sha256:fe0737ba566a2c5b2a28f34433c0a423261900ec17b9bf7ad115e1aae7e57f1b","network":"none","ports":[],"hostTestExecution":false}
Database isolation verified: no host bind, no network/TCP, RAM socket volume only
CREATE SCHEMA
REVOKE
CREATE TABLE
CREATE TABLE
CREATE TABLE
CREATE TABLE
CREATE FUNCTION
CREATE FUNCTION
REVOKE
REVOKE
CREATE TABLE
CREATE TABLE
ALTER TABLE
CREATE INDEX
CREATE INDEX
CREATE INDEX
CREATE INDEX
Timing is on.
                                  json_build_object                                  
-------------------------------------------------------------------------------------
 {"scope" : "disposable synthetic only", "usersRows" : 0, "usersTableBytes" : 81920}
(1 row)

Time: 0.962 ms
BEGIN
Time: 0.029 ms
CREATE TABLE
Time: 1.916 ms
CREATE TABLE
Time: 2.151 ms
CREATE TABLE
Time: 2.471 ms
CREATE TABLE
Time: 2.927 ms
CREATE TABLE
Time: 2.388 ms
CREATE TABLE
Time: 1.850 ms
CREATE TABLE
Time: 2.088 ms
CREATE TABLE
Time: 2.030 ms
CREATE TABLE
Time: 2.106 ms
ALTER TABLE
Time: 0.107 ms
ALTER TABLE
Time: 1.258 ms
ALTER TABLE
Time: 0.099 ms
ALTER TABLE
Time: 1.021 ms
ALTER TABLE
Time: 0.074 ms
ALTER TABLE
Time: 1.049 ms
ALTER TABLE
Time: 0.077 ms
ALTER TABLE
Time: 0.975 ms
ALTER TABLE
Time: 0.094 ms
ALTER TABLE
Time: 0.958 ms
ALTER TABLE
Time: 0.060 ms
ALTER TABLE
Time: 0.901 ms
ALTER TABLE
Time: 0.058 ms
ALTER TABLE
Time: 1.002 ms
ALTER TABLE
Time: 0.107 ms
ALTER TABLE
Time: 0.985 ms
ALTER TABLE
Time: 0.070 ms
ALTER TABLE
Time: 0.964 ms
ALTER TABLE
Time: 0.059 ms
ALTER TABLE
Time: 0.944 ms
ALTER TABLE
Time: 0.058 ms
ALTER TABLE
Time: 0.985 ms
ALTER TABLE
Time: 0.070 ms
ALTER TABLE
Time: 0.960 ms
ALTER TABLE
Time: 0.094 ms
ALTER TABLE
Time: 0.882 ms
CREATE INDEX
Time: 0.497 ms
CREATE INDEX
Time: 0.557 ms
CREATE INDEX
Time: 0.454 ms
CREATE INDEX
Time: 0.477 ms
CREATE INDEX
Time: 0.470 ms
CREATE INDEX
Time: 0.414 ms
CREATE INDEX
Time: 0.517 ms
CREATE INDEX
Time: 0.435 ms
CREATE INDEX
Time: 0.486 ms
CREATE INDEX
Time: 0.530 ms
CREATE INDEX
Time: 0.494 ms
CREATE INDEX
Time: 0.484 ms
CREATE INDEX
Time: 0.581 ms
CREATE INDEX
Time: 0.435 ms
CREATE INDEX
Time: 0.515 ms
COMMIT
Time: 0.315 ms
BEGIN
Time: 0.161 ms
CREATE TABLE
Time: 0.140 ms
CREATE TABLE
Time: 0.098 ms
CREATE TABLE
Time: 0.096 ms
CREATE TABLE
Time: 0.106 ms
CREATE TABLE
Time: 0.105 ms
CREATE TABLE
Time: 0.079 ms
CREATE TABLE
Time: 0.074 ms
CREATE TABLE
Time: 0.075 ms
CREATE TABLE
Time: 0.081 ms
ALTER TABLE
Time: 1.411 ms
ALTER TABLE
Time: 1.568 ms
ALTER TABLE
Time: 0.956 ms
ALTER TABLE
Time: 1.570 ms
ALTER TABLE
Time: 0.823 ms
ALTER TABLE
Time: 1.040 ms
ALTER TABLE
Time: 0.867 ms
ALTER TABLE
Time: 0.953 ms
ALTER TABLE
Time: 0.927 ms
ALTER TABLE
Time: 1.221 ms
ALTER TABLE
Time: 0.832 ms
ALTER TABLE
Time: 1.109 ms
ALTER TABLE
Time: 0.830 ms
ALTER TABLE
Time: 1.087 ms
ALTER TABLE
Time: 0.893 ms
ALTER TABLE
Time: 1.162 ms
ALTER TABLE
Time: 0.856 ms
ALTER TABLE
Time: 1.266 ms
ALTER TABLE
Time: 0.791 ms
ALTER TABLE
Time: 1.009 ms
ALTER TABLE
Time: 0.807 ms
ALTER TABLE
Time: 1.161 ms
ALTER TABLE
Time: 0.807 ms
ALTER TABLE
Time: 1.001 ms
ALTER TABLE
Time: 0.864 ms
ALTER TABLE
Time: 1.171 ms
CREATE INDEX
Time: 0.154 ms
CREATE INDEX
Time: 0.176 ms
CREATE INDEX
Time: 0.113 ms
CREATE INDEX
Time: 0.137 ms
CREATE INDEX
Time: 0.121 ms
CREATE INDEX
Time: 0.094 ms
CREATE INDEX
Time: 0.155 ms
CREATE INDEX
Time: 0.091 ms
CREATE INDEX
Time: 0.120 ms
CREATE INDEX
Time: 0.171 ms
CREATE INDEX
Time: 0.122 ms
CREATE INDEX
Time: 0.144 ms
CREATE INDEX
Time: 0.176 ms
CREATE INDEX
Time: 0.089 ms
CREATE INDEX
Time: 0.152 ms
COMMIT
Time: 0.136 ms
Timing is off.
CREATE TABLE
INSERT 0 1
CREATE ROLE
GRANT
GRANT
REVOKE
{"nodeContainer":"youlin-nodepg-runner-bc8b6f34-3905-4964-bc06-51c0a31ff6db","image":"sha256:3ed477794c717c85902ccd54059af2b679b57975c43074d569bdc63fc025a5f7","memoryMiB":2048,"cpus":2,"network":"none","readonlyRoot":true,"writableFiles":[],"inheritedHostEnvironment":false}
RUN  v5.0.0 /workspace/packages/database

stdout | src/repositories/youlinIdentity/__tests__/commandRunner.test.ts
◇ injected env (0) from .env // tip: ⌁ auth for agents [www.vestauth.com]

 ✓ src/repositories/youlinIdentity/__tests__/commandRunner.test.ts > identity transactional command boundary > is explicitly opt-in and refuses an already borrowed Drizzle transaction 53ms
 ✓ src/repositories/youlinIdentity/__tests__/commandRunner.test.ts > identity transactional command boundary > commits state, receipt, audit and outbox together and deduplicates concurrent retries 93ms
 ✓ src/repositories/youlinIdentity/__tests__/commandRunner.test.ts > identity transactional command boundary > rejects reuse with different arguments without an extra mutation 78ms
 ✓ src/repositories/youlinIdentity/__tests__/commandRunner.test.ts > identity transactional command boundary > requires current permission even for a previously committed receipt 55ms
 ✓ src/repositories/youlinIdentity/__tests__/commandRunner.test.ts > identity transactional command boundary > denies stale epochs, disabled actors and cross-enterprise actor reuse 56ms
 ✓ src/repositories/youlinIdentity/__tests__/commandRunner.test.ts > identity transactional command boundary > does not restore old grants just because the actor has a fresh epoch 38ms
 ✓ src/repositories/youlinIdentity/__tests__/commandRunner.test.ts > identity transactional command boundary > rechecks authority after waiting on the enterprise lock 55ms
 ✓ src/repositories/youlinIdentity/__tests__/commandRunner.test.ts > identity transactional command boundary > does not let a legacy banned application user act through an otherwise active registry 73ms
 ✓ src/repositories/youlinIdentity/__tests__/commandRunner.test.ts > identity transactional command boundary > rolls back all state on an audit insertion failure 74ms
 ✓ src/repositories/youlinIdentity/__tests__/commandRunner.test.ts > identity transactional command boundary > correlates unexpected failures without logging private error messages 44ms
 ✓ src/repositories/youlinIdentity/__tests__/commandRunner.test.ts > identity transactional command boundary > labels malformed fresh results as validation failures, not stored corruption 39ms
 ✓ src/repositories/youlinIdentity/__tests__/commandRunner.test.ts > identity transactional command boundary > revalidates database-stored receipts instead of forwarding unknown allow payloads 42ms
stdout | src/repositories/youlinIdentity/__tests__/employment.test.ts
◇ injected env (0) from .env // tip: ⌘ suppress logs { quiet: true }

 ✓ src/repositories/youlinIdentity/__tests__/employment.test.ts > normalized authoritative HR snapshots > accepts the first complete snapshot without automatically activating or granting access 101ms
 ✓ src/repositories/youlinIdentity/__tests__/employment.test.ts > normalized authoritative HR snapshots > preserves the natural person/account and ended stages through offboarding and rehire 83ms
 ✓ src/repositories/youlinIdentity/__tests__/employment.test.ts > normalized authoritative HR snapshots > does not rotate credentials for an unchanged snapshot with a newer source revision 79ms
 ✓ src/repositories/youlinIdentity/__tests__/employment.test.ts > normalized authoritative HR snapshots > normalizes equivalent timestamps and stage order before hashing 90ms
 ✓ src/repositories/youlinIdentity/__tests__/employment.test.ts > normalized authoritative HR snapshots > rejects stale revisions and quarantines contradictory content at the same revision 124ms
 ✓ src/repositories/youlinIdentity/__tests__/employment.test.ts > normalized authoritative HR snapshots > does not resurrect an ended stage by reusing its old stage key 115ms
 ✓ src/repositories/youlinIdentity/__tests__/employment.test.ts > normalized authoritative HR snapshots > quarantines unapproved parallel employment without choosing an arbitrary winner 106ms
 ✓ src/repositories/youlinIdentity/__tests__/employment.test.ts > normalized authoritative HR snapshots > serializes competing employee keys and quarantines exactly one candidate 147ms
 ✓ src/repositories/youlinIdentity/__tests__/employment.test.ts > normalized authoritative HR snapshots > isolates enterprise anchors even for a privileged HR service 80ms
 ✓ src/repositories/youlinIdentity/__tests__/employment.test.ts > normalized authoritative HR snapshots > does not let ordinary provisioning permission or a human account impersonate the HR service 79ms
stdout | src/repositories/youlinIdentity/__tests__/outbox.test.ts
◇ injected env (0) from .env // tip: ⌁ auth for agents [www.vestauth.com]

 ✓ src/repositories/youlinIdentity/__tests__/outbox.test.ts > private identity event outbox > lets only one racing relay lease an event; delivery is not IdP cleanup proof 108ms
 ✓ src/repositories/youlinIdentity/__tests__/outbox.test.ts > private identity event outbox > reclaims an expired lease with a new token and rejects the old worker 86ms
 ✓ src/repositories/youlinIdentity/__tests__/outbox.test.ts > private identity event outbox > bounds retries and retains exhausted events as dead, not silently discarded 75ms
 ✓ src/repositories/youlinIdentity/__tests__/outbox.test.ts > private identity event outbox > marks a crash-expired final attempt dead instead of leasing indefinitely 80ms
 ✓ src/repositories/youlinIdentity/__tests__/outbox.test.ts > private identity event outbox > rejects acknowledgement when a lease expires while waiting for the control lock 95ms
 ✓ src/repositories/youlinIdentity/__tests__/outbox.test.ts > private identity event outbox > honors backoff using database time 134ms
 ✓ src/repositories/youlinIdentity/__tests__/outbox.test.ts > private identity event outbox > does not claim or acknowledge another enterprise even with its token 145ms
stdout | src/repositories/youlinIdentity/__tests__/revocation.test.ts
◇ injected env (0) from .env // tip: ⌘ suppress logs { quiet: true }

 ✓ src/repositories/youlinIdentity/__tests__/revocation.test.ts > persistent identity revocation > atomically denies, increments epoch, removes grants and persists durable provider intent 82ms
 ✓ src/repositories/youlinIdentity/__tests__/revocation.test.ts > persistent identity revocation > serializes competing CAS commands: only one advances the target epoch 81ms
 ✓ src/repositories/youlinIdentity/__tests__/revocation.test.ts > persistent identity revocation > cannot revoke another enterprise subject 80ms
 ✓ src/repositories/youlinIdentity/__tests__/revocation.test.ts > persistent identity revocation > fails closed at epoch exhaustion rather than overflowing or leaving access active 42ms
stdout | src/repositories/youlinIdentity/__tests__/registration.test.ts
◇ injected env (0) from .env // tip: ⌁ auth for agents [www.vestauth.com]

 ✓ src/repositories/youlinIdentity/__tests__/registration.test.ts > HR-anchored registration > creates one pending, unreconciled subject with no inherited permissions 74ms
 ✓ src/repositories/youlinIdentity/__tests__/registration.test.ts > HR-anchored registration > deduplicates concurrent registration without creating a second natural person 46ms
 ✓ src/repositories/youlinIdentity/__tests__/registration.test.ts > HR-anchored registration > does not silently merge two HR anchors into one application account 60ms
 ✓ src/repositories/youlinIdentity/__tests__/registration.test.ts > HR-anchored registration > does not allow cross-enterprise rebinding or reveal the other enterprise 49ms
 ✓ src/repositories/youlinIdentity/__tests__/registration.test.ts > HR-anchored registration > rejects missing and banned accounts without a partial subject or receipt 46ms
stdout | src/repositories/youlinIdentity/__tests__/contracts.test.ts
◇ injected env (0) from .env // tip: ⌘ override existing { override: true }

 ✓ src/repositories/youlinIdentity/__tests__/contracts.test.ts > identity transport/storage contracts > does not infer identity from an employee-number format or employee email 5ms
 ✓ src/repositories/youlinIdentity/__tests__/contracts.test.ts > identity transport/storage contracts > rejects forged actor permissions and non-numeric epochs 1ms
 ✓ src/repositories/youlinIdentity/__tests__/contracts.test.ts > identity transport/storage contracts > preserves the safe-integer epoch/revision boundary 1ms
 ✓ src/repositories/youlinIdentity/__tests__/contracts.test.ts > identity transport/storage contracts > requires the explicit HR/legal-entity anchor for a human principal binding 2ms
 ✓ src/repositories/youlinIdentity/__tests__/contracts.test.ts > identity transport/storage contracts > bounds UTF-8 issuer size before a composite database index is written 1ms
 ✓ src/repositories/youlinIdentity/__tests__/contracts.test.ts > identity transport/storage contracts > accepts an empty complete stage set but rejects duplicate stage keys 2ms
 ✓ src/repositories/youlinIdentity/__tests__/contracts.test.ts > identity transport/storage contracts > rejects inverted employment intervals and oversized snapshots 2ms
 ✓ src/repositories/youlinIdentity/__tests__/contracts.test.ts > identity transport/storage contracts > does not accept invented allow receipts or secrets in persisted command results 2ms
stdout | src/repositories/youlinIdentity/__tests__/integrity.test.ts
◇ injected env (0) from .env // tip: ⌘ enable debugging { debug: true }

 ✓ src/repositories/youlinIdentity/__tests__/integrity.test.ts > generated identity schema integrity > rejects cross-enterprise bindings and grants at the database boundary 50ms
 ✓ src/repositories/youlinIdentity/__tests__/integrity.test.ts > generated identity schema integrity > reserves a principal globally, even after its binding is revoked 35ms
 ✓ src/repositories/youlinIdentity/__tests__/integrity.test.ts > generated identity schema integrity > enforces current legal-entity employee-number uniqueness without guessing global uniqueness 64ms
stdout | src/repositories/youlinIdentity/__tests__/authorityTransaction.test.ts
◇ injected env (0) from .env // tip: ⌘ suppress logs { quiet: true }

 ✓ src/repositories/youlinIdentity/__tests__/authorityTransaction.test.ts > shared authority transaction > uses a fresh writable read-committed transaction and snapshots caller options 50ms
 ✓ src/repositories/youlinIdentity/__tests__/authorityTransaction.test.ts > shared authority transaction > requires the operation-specific current grant 25ms
 ✓ src/repositories/youlinIdentity/__tests__/authorityTransaction.test.ts > shared authority transaction > denies terminal-epoch actors even if inconsistent data says active with a matching grant 25ms
stdout | src/repositories/youlinIdentity/__tests__/lifecycle.test.ts
◇ injected env (0) from .env // tip: ◈ encrypted .env [www.dotenvx.com]

 ✓ src/repositories/youlinIdentity/__tests__/lifecycle.test.ts > shared credential invalidation transition > never moves the credential barrier backwards and never restores old grants 46ms
 ✓ src/repositories/youlinIdentity/__tests__/lifecycle.test.ts > shared credential invalidation transition > rejects stale target revisions without deleting grants or overwriting newer state 27ms
 ✓ src/repositories/youlinIdentity/__tests__/lifecycle.test.ts > shared credential invalidation transition > turns the last representable transition into permanent denial, not pending activation 22ms

 Test Files  9 passed (9)
      Tests  55 passed (55)
   Start at  15:29:40
   Duration  33.94s (import 61%, transform 17%, tests 11%, environment 10%, setup 1%)

     Import  340 modules were evaluated 2524 times · 19.79s total, 61% of tracked time
             ~17.13s faster with isolate: false — shared modules are evaluated once per worker instead of once per file
             learn more: https://vitest.dev/guide/improving-performance#test-isolation

stderr | src/repositories/youlinIdentity/__tests__/commandRunner.test.ts > identity transactional command boundary > rolls back all state on an audit insertion failure
[YoulinIdentity] Command result requires reconciliation {
  attemptId: 'd91bb043-fd4a-4141-b858-15925fcbac0c',
  category: 'internal_or_commit_unconfirmed',
  operation: 'register_person'
}

stderr | src/repositories/youlinIdentity/__tests__/commandRunner.test.ts > identity transactional command boundary > revalidates database-stored receipts instead of forwarding unknown allow payloads
[YoulinIdentity] Command result requires reconciliation {
  attemptId: '5d1b7463-6fa2-41cf-add4-124ab08a0732',
  category: 'validation',
  operation: 'register_person'
}
{"container":"youlin-nodepg-runner-bc8b6f34-3905-4964-bc06-51c0a31ff6db","exitCode":0,"oomKilled":false,"status":"exited"}
Containerized identity repository integration: passed
Both containers and RAM socket volume cleanup: verified
