{"container":"youlin-nodepg-081ee96b-6f78-471e-baa8-72c93e0ae1d9","runner":"youlin-nodepg-runner-081ee96b-6f78-471e-baa8-72c93e0ae1d9","volume":"youlin-nodepg-socket-081ee96b-6f78-471e-baa8-72c93e0ae1d9","image":"sha256:fe0737ba566a2c5b2a28f34433c0a423261900ec17b9bf7ad115e1aae7e57f1b","network":"none","ports":[],"hostTestExecution":false}
Database isolation verified: no host bind, no network/TCP, RAM socket volume only
CREATE SCHEMA
REVOKE
CREATE TABLE
CREATE TABLE
CREATE TABLE
CREATE TABLE
CREATE FUNCTION
CREATE FUNCTION
REVOKE
REVOKE
CREATE TABLE
CREATE TABLE
ALTER TABLE
CREATE INDEX
CREATE INDEX
CREATE INDEX
CREATE INDEX
Timing is on.
                                  json_build_object                                  
-------------------------------------------------------------------------------------
 {"scope" : "disposable synthetic only", "usersRows" : 0, "usersTableBytes" : 81920}
(1 row)

Time: 0.949 ms
BEGIN
Time: 0.027 ms
CREATE TABLE
Time: 1.889 ms
CREATE TABLE
Time: 2.126 ms
CREATE TABLE
Time: 2.450 ms
CREATE TABLE
Time: 2.905 ms
CREATE TABLE
Time: 2.395 ms
CREATE TABLE
Time: 1.796 ms
CREATE TABLE
Time: 2.099 ms
CREATE TABLE
Time: 2.002 ms
CREATE TABLE
Time: 2.135 ms
ALTER TABLE
Time: 0.105 ms
ALTER TABLE
Time: 1.214 ms
ALTER TABLE
Time: 0.095 ms
ALTER TABLE
Time: 0.994 ms
ALTER TABLE
Time: 0.070 ms
ALTER TABLE
Time: 0.898 ms
ALTER TABLE
Time: 0.071 ms
ALTER TABLE
Time: 0.884 ms
ALTER TABLE
Time: 0.093 ms
ALTER TABLE
Time: 0.944 ms
ALTER TABLE
Time: 0.059 ms
ALTER TABLE
Time: 0.896 ms
ALTER TABLE
Time: 0.057 ms
ALTER TABLE
Time: 0.986 ms
ALTER TABLE
Time: 0.092 ms
ALTER TABLE
Time: 0.907 ms
ALTER TABLE
Time: 0.069 ms
ALTER TABLE
Time: 0.902 ms
ALTER TABLE
Time: 0.057 ms
ALTER TABLE
Time: 0.924 ms
ALTER TABLE
Time: 0.056 ms
ALTER TABLE
Time: 0.985 ms
ALTER TABLE
Time: 0.070 ms
ALTER TABLE
Time: 0.926 ms
ALTER TABLE
Time: 0.092 ms
ALTER TABLE
Time: 0.867 ms
CREATE INDEX
Time: 0.489 ms
CREATE INDEX
Time: 0.549 ms
CREATE INDEX
Time: 0.448 ms
CREATE INDEX
Time: 0.507 ms
CREATE INDEX
Time: 0.454 ms
CREATE INDEX
Time: 0.412 ms
CREATE INDEX
Time: 0.510 ms
CREATE INDEX
Time: 0.437 ms
CREATE INDEX
Time: 0.481 ms
CREATE INDEX
Time: 0.523 ms
CREATE INDEX
Time: 0.492 ms
CREATE INDEX
Time: 0.487 ms
CREATE INDEX
Time: 0.522 ms
CREATE INDEX
Time: 0.426 ms
CREATE INDEX
Time: 0.503 ms
COMMIT
Time: 0.163 ms
BEGIN
Time: 0.139 ms
CREATE TABLE
Time: 0.115 ms
CREATE TABLE
Time: 0.077 ms
CREATE TABLE
Time: 0.071 ms
CREATE TABLE
Time: 0.081 ms
CREATE TABLE
Time: 0.081 ms
CREATE TABLE
Time: 0.058 ms
CREATE TABLE
Time: 0.053 ms
CREATE TABLE
Time: 0.052 ms
CREATE TABLE
Time: 0.059 ms
ALTER TABLE
Time: 1.370 ms
ALTER TABLE
Time: 1.550 ms
ALTER TABLE
Time: 0.944 ms
ALTER TABLE
Time: 1.533 ms
ALTER TABLE
Time: 0.810 ms
ALTER TABLE
Time: 1.018 ms
ALTER TABLE
Time: 0.847 ms
ALTER TABLE
Time: 0.933 ms
ALTER TABLE
Time: 0.911 ms
ALTER TABLE
Time: 1.205 ms
ALTER TABLE
Time: 0.818 ms
ALTER TABLE
Time: 1.082 ms
ALTER TABLE
Time: 0.816 ms
ALTER TABLE
Time: 1.077 ms
ALTER TABLE
Time: 0.873 ms
ALTER TABLE
Time: 1.154 ms
ALTER TABLE
Time: 0.854 ms
ALTER TABLE
Time: 1.243 ms
ALTER TABLE
Time: 0.765 ms
ALTER TABLE
Time: 1.098 ms
ALTER TABLE
Time: 0.829 ms
ALTER TABLE
Time: 1.167 ms
ALTER TABLE
Time: 0.779 ms
ALTER TABLE
Time: 1.000 ms
ALTER TABLE
Time: 0.879 ms
ALTER TABLE
Time: 1.186 ms
CREATE INDEX
Time: 0.133 ms
CREATE INDEX
Time: 0.173 ms
CREATE INDEX
Time: 0.113 ms
CREATE INDEX
Time: 0.136 ms
CREATE INDEX
Time: 0.110 ms
CREATE INDEX
Time: 0.091 ms
CREATE INDEX
Time: 0.151 ms
CREATE INDEX
Time: 0.091 ms
CREATE INDEX
Time: 0.118 ms
CREATE INDEX
Time: 0.171 ms
CREATE INDEX
Time: 0.122 ms
CREATE INDEX
Time: 0.146 ms
CREATE INDEX
Time: 0.192 ms
CREATE INDEX
Time: 0.091 ms
CREATE INDEX
Time: 0.149 ms
COMMIT
Time: 0.127 ms
Timing is off.
CREATE TABLE
INSERT 0 1
CREATE ROLE
GRANT
GRANT
REVOKE
{"nodeContainer":"youlin-nodepg-runner-081ee96b-6f78-471e-baa8-72c93e0ae1d9","image":"sha256:3ed477794c717c85902ccd54059af2b679b57975c43074d569bdc63fc025a5f7","memoryMiB":2048,"cpus":2,"network":"none","readonlyRoot":true,"writableFiles":[],"inheritedHostEnvironment":false}
RUN  v5.0.0 /workspace/packages/database

stdout | src/repositories/youlinIdentity/__tests__/commandRunner.test.ts
◇ injected env (0) from .env // tip: ⌘ custom filepath { path: '/custom/path/.env' }

 ✓ src/repositories/youlinIdentity/__tests__/commandRunner.test.ts > identity transactional command boundary > is explicitly opt-in and refuses an already borrowed Drizzle transaction 62ms
 ✓ src/repositories/youlinIdentity/__tests__/commandRunner.test.ts > identity transactional command boundary > commits state, receipt, audit and outbox together and deduplicates concurrent retries 114ms
 ✓ src/repositories/youlinIdentity/__tests__/commandRunner.test.ts > identity transactional command boundary > rejects reuse with different arguments without an extra mutation 85ms
 ✓ src/repositories/youlinIdentity/__tests__/commandRunner.test.ts > identity transactional command boundary > requires current permission even for a previously committed receipt 54ms
 ✓ src/repositories/youlinIdentity/__tests__/commandRunner.test.ts > identity transactional command boundary > denies stale epochs, disabled actors and cross-enterprise actor reuse 55ms
 ✓ src/repositories/youlinIdentity/__tests__/commandRunner.test.ts > identity transactional command boundary > does not restore old grants just because the actor has a fresh epoch 38ms
 ✓ src/repositories/youlinIdentity/__tests__/commandRunner.test.ts > identity transactional command boundary > rechecks authority after waiting on the enterprise lock 55ms
 ✓ src/repositories/youlinIdentity/__tests__/commandRunner.test.ts > identity transactional command boundary > does not let a legacy banned application user act through an otherwise active registry 70ms
 ✓ src/repositories/youlinIdentity/__tests__/commandRunner.test.ts > identity transactional command boundary > rolls back all state on an audit insertion failure 88ms
 ✓ src/repositories/youlinIdentity/__tests__/commandRunner.test.ts > identity transactional command boundary > correlates unexpected failures without logging private error messages 68ms
 ✓ src/repositories/youlinIdentity/__tests__/commandRunner.test.ts > identity transactional command boundary > labels malformed fresh results as validation failures, not stored corruption 43ms
 ✓ src/repositories/youlinIdentity/__tests__/commandRunner.test.ts > identity transactional command boundary > revalidates database-stored receipts instead of forwarding unknown allow payloads 62ms
stdout | src/repositories/youlinIdentity/__tests__/employment.test.ts
◇ injected env (0) from .env // tip: ⌘ override existing { override: true }

 ✓ src/repositories/youlinIdentity/__tests__/employment.test.ts > normalized authoritative HR snapshots > accepts the first complete snapshot without automatically activating or granting access 100ms
 ✓ src/repositories/youlinIdentity/__tests__/employment.test.ts > normalized authoritative HR snapshots > preserves the natural person/account and ended stages through offboarding and rehire 95ms
 ✓ src/repositories/youlinIdentity/__tests__/employment.test.ts > normalized authoritative HR snapshots > does not rotate credentials for an unchanged snapshot with a newer source revision 104ms
 ✓ src/repositories/youlinIdentity/__tests__/employment.test.ts > normalized authoritative HR snapshots > normalizes equivalent timestamps and stage order before hashing 110ms
 ✓ src/repositories/youlinIdentity/__tests__/employment.test.ts > normalized authoritative HR snapshots > rejects stale revisions and quarantines contradictory content at the same revision 162ms
 ✓ src/repositories/youlinIdentity/__tests__/employment.test.ts > normalized authoritative HR snapshots > does not resurrect an ended stage by reusing its old stage key 124ms
 ✓ src/repositories/youlinIdentity/__tests__/employment.test.ts > normalized authoritative HR snapshots > quarantines unapproved parallel employment without choosing an arbitrary winner 126ms
 ✓ src/repositories/youlinIdentity/__tests__/employment.test.ts > normalized authoritative HR snapshots > serializes competing employee keys and quarantines exactly one candidate 157ms
 ✓ src/repositories/youlinIdentity/__tests__/employment.test.ts > normalized authoritative HR snapshots > isolates enterprise anchors even for a privileged HR service 93ms
 ✓ src/repositories/youlinIdentity/__tests__/employment.test.ts > normalized authoritative HR snapshots > does not let ordinary provisioning permission or a human account impersonate the HR service 77ms
stdout | src/repositories/youlinIdentity/__tests__/outbox.test.ts
◇ injected env (0) from .env // tip: ⌘ enable debugging { debug: true }

 ✓ src/repositories/youlinIdentity/__tests__/outbox.test.ts > private identity event outbox > lets only one racing relay lease an event; delivery is not IdP cleanup proof 102ms
 ✓ src/repositories/youlinIdentity/__tests__/outbox.test.ts > private identity event outbox > reclaims an expired lease with a new token and rejects the old worker 79ms
 ✓ src/repositories/youlinIdentity/__tests__/outbox.test.ts > private identity event outbox > bounds retries and retains exhausted events as dead, not silently discarded 94ms
 ✓ src/repositories/youlinIdentity/__tests__/outbox.test.ts > private identity event outbox > marks a crash-expired final attempt dead instead of leasing indefinitely 94ms
 ✓ src/repositories/youlinIdentity/__tests__/outbox.test.ts > private identity event outbox > rejects acknowledgement when a lease expires while waiting for the control lock 102ms
 ✓ src/repositories/youlinIdentity/__tests__/outbox.test.ts > private identity event outbox > honors backoff using database time 103ms
 ✓ src/repositories/youlinIdentity/__tests__/outbox.test.ts > private identity event outbox > does not claim or acknowledge another enterprise even with its token 126ms
stdout | src/repositories/youlinIdentity/__tests__/revocation.test.ts
◇ injected env (0) from .env // tip: ⌘ custom filepath { path: '/custom/path/.env' }

 ✓ src/repositories/youlinIdentity/__tests__/revocation.test.ts > persistent identity revocation > atomically denies, increments epoch, removes grants and persists durable provider intent 73ms
 ✓ src/repositories/youlinIdentity/__tests__/revocation.test.ts > persistent identity revocation > serializes competing CAS commands: only one advances the target epoch 42ms
 ✓ src/repositories/youlinIdentity/__tests__/revocation.test.ts > persistent identity revocation > cannot revoke another enterprise subject 40ms
 ✓ src/repositories/youlinIdentity/__tests__/revocation.test.ts > persistent identity revocation > fails closed at epoch exhaustion rather than overflowing or leaving access active 39ms
stdout | src/repositories/youlinIdentity/__tests__/registration.test.ts
◇ injected env (0) from .env // tip: ⌁ auth for agents [www.vestauth.com]

 ✓ src/repositories/youlinIdentity/__tests__/registration.test.ts > HR-anchored registration > creates one pending, unreconciled subject with no inherited permissions 70ms
 ✓ src/repositories/youlinIdentity/__tests__/registration.test.ts > HR-anchored registration > deduplicates concurrent registration without creating a second natural person 47ms
 ✓ src/repositories/youlinIdentity/__tests__/registration.test.ts > HR-anchored registration > does not silently merge two HR anchors into one application account 68ms
 ✓ src/repositories/youlinIdentity/__tests__/registration.test.ts > HR-anchored registration > does not allow cross-enterprise rebinding or reveal the other enterprise 58ms
 ✓ src/repositories/youlinIdentity/__tests__/registration.test.ts > HR-anchored registration > rejects missing and banned accounts without a partial subject or receipt 50ms
stdout | src/repositories/youlinIdentity/__tests__/contracts.test.ts
◇ injected env (0) from .env // tip: ⌁ auth for agents [www.vestauth.com]

 ✓ src/repositories/youlinIdentity/__tests__/contracts.test.ts > identity transport/storage contracts > does not infer identity from an employee-number format or employee email 5ms
 ✓ src/repositories/youlinIdentity/__tests__/contracts.test.ts > identity transport/storage contracts > rejects forged actor permissions and non-numeric epochs 1ms
 ✓ src/repositories/youlinIdentity/__tests__/contracts.test.ts > identity transport/storage contracts > preserves the safe-integer epoch/revision boundary 1ms
 ✓ src/repositories/youlinIdentity/__tests__/contracts.test.ts > identity transport/storage contracts > requires the explicit HR/legal-entity anchor for a human principal binding 2ms
 ✓ src/repositories/youlinIdentity/__tests__/contracts.test.ts > identity transport/storage contracts > bounds UTF-8 issuer size before a composite database index is written 1ms
 ✓ src/repositories/youlinIdentity/__tests__/contracts.test.ts > identity transport/storage contracts > accepts an empty complete stage set but rejects duplicate stage keys 2ms
 ✓ src/repositories/youlinIdentity/__tests__/contracts.test.ts > identity transport/storage contracts > rejects inverted employment intervals and oversized snapshots 2ms
 ✓ src/repositories/youlinIdentity/__tests__/contracts.test.ts > identity transport/storage contracts > does not accept invented allow receipts or secrets in persisted command results 2ms
stdout | src/repositories/youlinIdentity/__tests__/integrity.test.ts
◇ injected env (0) from .env // tip: ⌁ auth for agents [www.vestauth.com]

 ✓ src/repositories/youlinIdentity/__tests__/integrity.test.ts > generated identity schema integrity > rejects cross-enterprise bindings and grants at the database boundary 50ms
 ✓ src/repositories/youlinIdentity/__tests__/integrity.test.ts > generated identity schema integrity > reserves a principal globally, even after its binding is revoked 33ms
 ✓ src/repositories/youlinIdentity/__tests__/integrity.test.ts > generated identity schema integrity > enforces current legal-entity employee-number uniqueness without guessing global uniqueness 51ms
stdout | src/repositories/youlinIdentity/__tests__/lifecycle.test.ts
◇ injected env (0) from .env // tip: ◈ encrypted .env [www.dotenvx.com]

 ✓ src/repositories/youlinIdentity/__tests__/lifecycle.test.ts > shared credential invalidation transition > never moves the credential barrier backwards and never restores old grants 50ms
 ✓ src/repositories/youlinIdentity/__tests__/lifecycle.test.ts > shared credential invalidation transition > rejects stale target revisions without deleting grants or overwriting newer state 25ms
 ✓ src/repositories/youlinIdentity/__tests__/lifecycle.test.ts > shared credential invalidation transition > turns the last representable transition into permanent denial, not pending activation 22ms
stdout | src/repositories/youlinIdentity/__tests__/authorityTransaction.test.ts
◇ injected env (0) from .env // tip: ⌁ auth for agents [www.vestauth.com]

 ✓ src/repositories/youlinIdentity/__tests__/authorityTransaction.test.ts > shared authority transaction > uses a fresh writable read-committed transaction and snapshots caller options 45ms
 ✓ src/repositories/youlinIdentity/__tests__/authorityTransaction.test.ts > shared authority transaction > requires the operation-specific current grant 26ms
 ✓ src/repositories/youlinIdentity/__tests__/authorityTransaction.test.ts > shared authority transaction > denies terminal-epoch actors even if inconsistent data says active with a matching grant 26ms

 Test Files  9 passed (9)
      Tests  55 passed (55)
   Start at  15:33:17
   Duration  33.89s (import 60%, transform 17%, tests 12%, environment 10%, setup 1%)

     Import  340 modules were evaluated 2524 times · 19.57s total, 60% of tracked time
             ~16.94s faster with isolate: false — shared modules are evaluated once per worker instead of once per file
             learn more: https://vitest.dev/guide/improving-performance#test-isolation

stderr | src/repositories/youlinIdentity/__tests__/commandRunner.test.ts > identity transactional command boundary > rolls back all state on an audit insertion failure
[YoulinIdentity] Command result requires reconciliation {
  attemptId: '3c6dae2d-3f18-45e9-a756-22794745960b',
  category: 'internal_or_commit_unconfirmed',
  operation: 'register_person'
}

stderr | src/repositories/youlinIdentity/__tests__/commandRunner.test.ts > identity transactional command boundary > revalidates database-stored receipts instead of forwarding unknown allow payloads
[YoulinIdentity] Command result requires reconciliation {
  attemptId: 'b8bb5b7e-3535-4a97-93b6-dc3ee9c8ea54',
  category: 'validation',
  operation: 'register_person'
}
{"container":"youlin-nodepg-runner-081ee96b-6f78-471e-baa8-72c93e0ae1d9","exitCode":0,"oomKilled":false,"status":"exited"}
Containerized identity repository integration: passed
Both containers and RAM socket volume cleanup: verified
