{"container":"youlin-nodepg-dec843aa-dcde-48e1-acb8-64adfa0cd718","runner":"youlin-nodepg-runner-dec843aa-dcde-48e1-acb8-64adfa0cd718","volume":"youlin-nodepg-socket-dec843aa-dcde-48e1-acb8-64adfa0cd718","image":"sha256:fe0737ba566a2c5b2a28f34433c0a423261900ec17b9bf7ad115e1aae7e57f1b","network":"none","ports":[],"hostTestExecution":false}
Database isolation verified: no host bind, no network/TCP, RAM socket volume only
CREATE SCHEMA
REVOKE
CREATE TABLE
CREATE TABLE
CREATE TABLE
CREATE TABLE
CREATE FUNCTION
CREATE FUNCTION
REVOKE
REVOKE
CREATE TABLE
CREATE TABLE
ALTER TABLE
CREATE INDEX
CREATE INDEX
CREATE INDEX
CREATE INDEX
Timing is on.
                                  json_build_object                                  
-------------------------------------------------------------------------------------
 {"scope" : "disposable synthetic only", "usersRows" : 0, "usersTableBytes" : 81920}
(1 row)

Time: 0.995 ms
BEGIN
Time: 0.034 ms
CREATE TABLE
Time: 1.983 ms
CREATE TABLE
Time: 2.121 ms
CREATE TABLE
Time: 2.483 ms
CREATE TABLE
Time: 2.929 ms
CREATE TABLE
Time: 2.391 ms
CREATE TABLE
Time: 1.859 ms
CREATE TABLE
Time: 2.096 ms
CREATE TABLE
Time: 2.065 ms
CREATE TABLE
Time: 2.140 ms
ALTER TABLE
Time: 0.136 ms
ALTER TABLE
Time: 1.265 ms
ALTER TABLE
Time: 0.117 ms
ALTER TABLE
Time: 1.024 ms
ALTER TABLE
Time: 0.104 ms
ALTER TABLE
Time: 0.906 ms
ALTER TABLE
Time: 0.089 ms
ALTER TABLE
Time: 0.953 ms
ALTER TABLE
Time: 0.119 ms
ALTER TABLE
Time: 0.977 ms
ALTER TABLE
Time: 0.076 ms
ALTER TABLE
Time: 0.929 ms
ALTER TABLE
Time: 0.075 ms
ALTER TABLE
Time: 1.001 ms
ALTER TABLE
Time: 0.108 ms
ALTER TABLE
Time: 0.992 ms
ALTER TABLE
Time: 0.084 ms
ALTER TABLE
Time: 0.924 ms
ALTER TABLE
Time: 0.071 ms
ALTER TABLE
Time: 0.949 ms
ALTER TABLE
Time: 0.074 ms
ALTER TABLE
Time: 1.003 ms
ALTER TABLE
Time: 0.085 ms
ALTER TABLE
Time: 0.962 ms
ALTER TABLE
Time: 0.111 ms
ALTER TABLE
Time: 0.889 ms
CREATE INDEX
Time: 0.512 ms
CREATE INDEX
Time: 0.570 ms
CREATE INDEX
Time: 0.467 ms
CREATE INDEX
Time: 0.502 ms
CREATE INDEX
Time: 0.475 ms
CREATE INDEX
Time: 0.432 ms
CREATE INDEX
Time: 0.532 ms
CREATE INDEX
Time: 2.836 ms
CREATE INDEX
Time: 0.503 ms
CREATE INDEX
Time: 0.555 ms
CREATE INDEX
Time: 0.516 ms
CREATE INDEX
Time: 0.499 ms
CREATE INDEX
Time: 0.540 ms
CREATE INDEX
Time: 0.448 ms
CREATE INDEX
Time: 0.575 ms
COMMIT
Time: 0.318 ms
BEGIN
Time: 0.192 ms
CREATE TABLE
Time: 0.143 ms
CREATE TABLE
Time: 0.102 ms
CREATE TABLE
Time: 0.098 ms
CREATE TABLE
Time: 0.110 ms
CREATE TABLE
Time: 0.110 ms
CREATE TABLE
Time: 0.088 ms
CREATE TABLE
Time: 0.082 ms
CREATE TABLE
Time: 0.080 ms
CREATE TABLE
Time: 0.091 ms
ALTER TABLE
Time: 1.408 ms
ALTER TABLE
Time: 1.597 ms
ALTER TABLE
Time: 0.972 ms
ALTER TABLE
Time: 1.575 ms
ALTER TABLE
Time: 0.828 ms
ALTER TABLE
Time: 1.052 ms
ALTER TABLE
Time: 0.866 ms
ALTER TABLE
Time: 0.970 ms
ALTER TABLE
Time: 0.929 ms
ALTER TABLE
Time: 1.233 ms
ALTER TABLE
Time: 0.842 ms
ALTER TABLE
Time: 1.135 ms
ALTER TABLE
Time: 0.836 ms
ALTER TABLE
Time: 1.106 ms
ALTER TABLE
Time: 0.882 ms
ALTER TABLE
Time: 1.187 ms
ALTER TABLE
Time: 0.861 ms
ALTER TABLE
Time: 1.276 ms
ALTER TABLE
Time: 0.780 ms
ALTER TABLE
Time: 1.036 ms
ALTER TABLE
Time: 0.803 ms
ALTER TABLE
Time: 1.170 ms
ALTER TABLE
Time: 0.784 ms
ALTER TABLE
Time: 1.034 ms
ALTER TABLE
Time: 0.866 ms
ALTER TABLE
Time: 1.187 ms
CREATE INDEX
Time: 0.158 ms
CREATE INDEX
Time: 0.443 ms
CREATE INDEX
Time: 0.155 ms
CREATE INDEX
Time: 0.204 ms
CREATE INDEX
Time: 0.145 ms
CREATE INDEX
Time: 0.121 ms
CREATE INDEX
Time: 0.197 ms
CREATE INDEX
Time: 0.117 ms
CREATE INDEX
Time: 0.154 ms
CREATE INDEX
Time: 0.225 ms
CREATE INDEX
Time: 0.160 ms
CREATE INDEX
Time: 0.185 ms
CREATE INDEX
Time: 0.223 ms
CREATE INDEX
Time: 0.115 ms
CREATE INDEX
Time: 0.194 ms
COMMIT
Time: 0.164 ms
Timing is off.
CREATE TABLE
INSERT 0 1
CREATE ROLE
GRANT
GRANT
REVOKE
{"nodeContainer":"youlin-nodepg-runner-dec843aa-dcde-48e1-acb8-64adfa0cd718","image":"sha256:3ed477794c717c85902ccd54059af2b679b57975c43074d569bdc63fc025a5f7","memoryMiB":2048,"cpus":2,"network":"none","readonlyRoot":true,"writableFiles":[],"inheritedHostEnvironment":false}
RUN  v5.0.0 /workspace/packages/database

stdout | src/repositories/youlinIdentity/__tests__/commandRunner.test.ts
◇ injected env (0) from .env // tip: ⌘ override existing { override: true }

 ✓ src/repositories/youlinIdentity/__tests__/commandRunner.test.ts > identity transactional command boundary > is explicitly opt-in and refuses an already borrowed Drizzle transaction 50ms
 ✓ src/repositories/youlinIdentity/__tests__/commandRunner.test.ts > identity transactional command boundary > commits state, receipt, audit and outbox together and deduplicates concurrent retries 64ms
 ✓ src/repositories/youlinIdentity/__tests__/commandRunner.test.ts > identity transactional command boundary > rejects reuse with different arguments without an extra mutation 50ms
 ✓ src/repositories/youlinIdentity/__tests__/commandRunner.test.ts > identity transactional command boundary > requires current permission even for a previously committed receipt 35ms
 ✓ src/repositories/youlinIdentity/__tests__/commandRunner.test.ts > identity transactional command boundary > denies stale epochs, disabled actors and cross-enterprise actor reuse 31ms
 ✓ src/repositories/youlinIdentity/__tests__/commandRunner.test.ts > identity transactional command boundary > does not restore old grants just because the actor has a fresh epoch 25ms
 ✓ src/repositories/youlinIdentity/__tests__/commandRunner.test.ts > identity transactional command boundary > rechecks authority after waiting on the enterprise lock 36ms
 ✓ src/repositories/youlinIdentity/__tests__/commandRunner.test.ts > identity transactional command boundary > does not let a legacy banned application user act through an otherwise active registry 44ms
 ✓ src/repositories/youlinIdentity/__tests__/commandRunner.test.ts > identity transactional command boundary > rolls back all state on an audit insertion failure 59ms
 ✓ src/repositories/youlinIdentity/__tests__/commandRunner.test.ts > identity transactional command boundary > correlates unexpected failures without logging private error messages 39ms
 ✓ src/repositories/youlinIdentity/__tests__/commandRunner.test.ts > identity transactional command boundary > labels malformed fresh results as validation failures, not stored corruption 36ms
 ✓ src/repositories/youlinIdentity/__tests__/commandRunner.test.ts > identity transactional command boundary > revalidates database-stored receipts instead of forwarding unknown allow payloads 55ms
stdout | src/repositories/youlinIdentity/__tests__/outbox.test.ts
◇ injected env (0) from .env // tip: ⌘ custom filepath { path: '/custom/path/.env' }

 ✓ src/repositories/youlinIdentity/__tests__/outbox.test.ts > private identity event outbox > lets only one racing relay lease an event; delivery is not IdP cleanup proof 177ms
 ✓ src/repositories/youlinIdentity/__tests__/outbox.test.ts > private identity event outbox > reclaims an expired lease with a new token and rejects the old worker 65ms
 ✓ src/repositories/youlinIdentity/__tests__/outbox.test.ts > private identity event outbox > bounds retries and retains exhausted events as dead, not silently discarded 57ms
 ✓ src/repositories/youlinIdentity/__tests__/outbox.test.ts > private identity event outbox > marks a crash-expired final attempt dead instead of leasing indefinitely 43ms
 ✓ src/repositories/youlinIdentity/__tests__/outbox.test.ts > private identity event outbox > honors backoff using database time 52ms
 ✓ src/repositories/youlinIdentity/__tests__/outbox.test.ts > private identity event outbox > does not claim or acknowledge another enterprise even with its token 64ms
stdout | src/repositories/youlinIdentity/__tests__/revocation.test.ts
◇ injected env (0) from .env // tip: ⌘ suppress logs { quiet: true }

 ✓ src/repositories/youlinIdentity/__tests__/revocation.test.ts > persistent identity revocation > atomically denies, increments epoch, removes grants and persists durable provider intent 74ms
 ✓ src/repositories/youlinIdentity/__tests__/revocation.test.ts > persistent identity revocation > serializes competing CAS commands: only one advances the target epoch 43ms
 ✓ src/repositories/youlinIdentity/__tests__/revocation.test.ts > persistent identity revocation > cannot revoke another enterprise subject 41ms
 ✓ src/repositories/youlinIdentity/__tests__/revocation.test.ts > persistent identity revocation > fails closed at epoch exhaustion rather than overflowing or leaving access active 37ms
stdout | src/repositories/youlinIdentity/__tests__/registration.test.ts
◇ injected env (0) from .env // tip: ⌘ suppress logs { quiet: true }

 ✓ src/repositories/youlinIdentity/__tests__/registration.test.ts > HR-anchored registration > creates one pending, unreconciled subject with no inherited permissions 66ms
 ✓ src/repositories/youlinIdentity/__tests__/registration.test.ts > HR-anchored registration > deduplicates concurrent registration without creating a second natural person 47ms
 ✓ src/repositories/youlinIdentity/__tests__/registration.test.ts > HR-anchored registration > does not silently merge two HR anchors into one application account 60ms
 ✓ src/repositories/youlinIdentity/__tests__/registration.test.ts > HR-anchored registration > does not allow cross-enterprise rebinding or reveal the other enterprise 51ms
 ✓ src/repositories/youlinIdentity/__tests__/registration.test.ts > HR-anchored registration > rejects missing and banned accounts without a partial subject or receipt 46ms
stdout | src/repositories/youlinIdentity/__tests__/contracts.test.ts
◇ injected env (0) from .env // tip: ◈ encrypted .env [www.dotenvx.com]

 ✓ src/repositories/youlinIdentity/__tests__/contracts.test.ts > identity transport/storage contracts > does not infer identity from an employee-number format or employee email 5ms
 ✓ src/repositories/youlinIdentity/__tests__/contracts.test.ts > identity transport/storage contracts > rejects forged actor permissions and non-numeric epochs 1ms
 ✓ src/repositories/youlinIdentity/__tests__/contracts.test.ts > identity transport/storage contracts > preserves the safe-integer epoch/revision boundary 1ms
 ✓ src/repositories/youlinIdentity/__tests__/contracts.test.ts > identity transport/storage contracts > requires the explicit HR/legal-entity anchor for a human principal binding 2ms
 ✓ src/repositories/youlinIdentity/__tests__/contracts.test.ts > identity transport/storage contracts > bounds UTF-8 issuer size before a composite database index is written 1ms
 ✓ src/repositories/youlinIdentity/__tests__/contracts.test.ts > identity transport/storage contracts > accepts an empty complete stage set but rejects duplicate stage keys 2ms
 ✓ src/repositories/youlinIdentity/__tests__/contracts.test.ts > identity transport/storage contracts > rejects inverted employment intervals and oversized snapshots 2ms
 ✓ src/repositories/youlinIdentity/__tests__/contracts.test.ts > identity transport/storage contracts > does not accept invented allow receipts or secrets in persisted command results 2ms
stdout | src/repositories/youlinIdentity/__tests__/integrity.test.ts
◇ injected env (0) from .env // tip: ⌘ custom filepath { path: '/custom/path/.env' }

 ✓ src/repositories/youlinIdentity/__tests__/integrity.test.ts > generated identity schema integrity > rejects cross-enterprise bindings and grants at the database boundary 50ms
 ✓ src/repositories/youlinIdentity/__tests__/integrity.test.ts > generated identity schema integrity > reserves a principal globally, even after its binding is revoked 36ms
 ✓ src/repositories/youlinIdentity/__tests__/integrity.test.ts > generated identity schema integrity > enforces current legal-entity employee-number uniqueness without guessing global uniqueness 50ms
stdout | src/repositories/youlinIdentity/__tests__/authorityTransaction.test.ts
◇ injected env (0) from .env // tip: ◈ encrypted .env [www.dotenvx.com]

 ✓ src/repositories/youlinIdentity/__tests__/authorityTransaction.test.ts > shared authority transaction > uses a fresh writable read-committed transaction and snapshots caller options 49ms
 ✓ src/repositories/youlinIdentity/__tests__/authorityTransaction.test.ts > shared authority transaction > requires the operation-specific current grant 24ms
 ✓ src/repositories/youlinIdentity/__tests__/authorityTransaction.test.ts > shared authority transaction > denies terminal-epoch actors even if inconsistent data says active with a matching grant 26ms

 Test Files  7 passed (7)
      Tests  41 passed (41)
   Start at  15:07:10
   Duration  25.27s (import 62%, transform 19%, environment 10%, tests 8%, setup 1%)

     Import  336 modules were evaluated 1895 times · 15.03s total, 62% of tracked time
             ~12.36s faster with isolate: false — shared modules are evaluated once per worker instead of once per file
             learn more: https://vitest.dev/guide/improving-performance#test-isolation

stderr | src/repositories/youlinIdentity/__tests__/commandRunner.test.ts > identity transactional command boundary > rolls back all state on an audit insertion failure
[YoulinIdentity] Command result requires reconciliation {
  attemptId: '8dc953e3-e84f-4ccb-9103-3e2d0f21d5ee',
  category: 'internal_or_commit_unconfirmed',
  operation: 'register_person'
}

stderr | src/repositories/youlinIdentity/__tests__/commandRunner.test.ts > identity transactional command boundary > revalidates database-stored receipts instead of forwarding unknown allow payloads
[YoulinIdentity] Command result requires reconciliation {
  attemptId: '5590d80a-5353-4dd1-8bba-97cc1de2370f',
  category: 'validation',
  operation: 'register_person'
}
{"container":"youlin-nodepg-runner-dec843aa-dcde-48e1-acb8-64adfa0cd718","exitCode":0,"oomKilled":false,"status":"exited"}
Containerized identity repository integration: passed
Both containers and RAM socket volume cleanup: verified
