{"container":"youlin-nodepg-4b76e680-a398-4066-8304-b851f896377c","runner":"youlin-nodepg-runner-4b76e680-a398-4066-8304-b851f896377c","volume":"youlin-nodepg-socket-4b76e680-a398-4066-8304-b851f896377c","image":"sha256:fe0737ba566a2c5b2a28f34433c0a423261900ec17b9bf7ad115e1aae7e57f1b","network":"none","ports":[],"hostTestExecution":false}
Database isolation verified: no host bind, no network/TCP, RAM socket volume only
{"nodeContainer":"youlin-nodepg-runner-4b76e680-a398-4066-8304-b851f896377c","image":"sha256:3ed477794c717c85902ccd54059af2b679b57975c43074d569bdc63fc025a5f7","memoryMiB":2048,"cpus":2,"network":"none","readonlyRoot":true,"writableFiles":[],"inheritedHostEnvironment":false}
RUN  v5.0.0 /workspace/packages/database

stdout | src/experimental/youlinSecurity/__tests__/reader.nodepg.test.ts
◇ injected env (0) from .env // tip: ◈ secrets for agents [www.dotenvx.com]

stdout | src/experimental/youlinSecurity/__tests__/reader.nodepg.test.ts > real node-postgres + Drizzle + revocation gate
Synthetic server: 15.19
Node runtime: v22.23.1

 ✓ src/experimental/youlinSecurity/__tests__/reader.nodepg.test.ts > real node-postgres + Drizzle + revocation gate > owned pool does not inherit hostile ambient connection/session/replication settings 29ms
 ✓ src/experimental/youlinSecurity/__tests__/reader.nodepg.test.ts > real node-postgres + Drizzle + revocation gate > abort during acquisition rejects and releases capacity for a subsequent read 23ms
 ✓ src/experimental/youlinSecurity/__tests__/reader.nodepg.test.ts > real node-postgres + Drizzle + revocation gate > close during acquisition does not deliver a successful result or leave shutdown pending 11ms
 ✓ src/experimental/youlinSecurity/__tests__/reader.nodepg.test.ts > real node-postgres + Drizzle + revocation gate > owned pool overrides role repeatable-read defaults and returns no idle transaction 24ms
 ✓ src/experimental/youlinSecurity/__tests__/reader.nodepg.test.ts > real node-postgres + Drizzle + revocation gate > owned pool snapshots config and subject input rather than retaining mutable bindings 12ms
 ✓ src/experimental/youlinSecurity/__tests__/reader.nodepg.test.ts > real node-postgres + Drizzle + revocation gate > owned pool retains its capacity slot after abort until bounded SQL cleanup; surplus requests fail closed 1013ms
 ✓ src/experimental/youlinSecurity/__tests__/reader.nodepg.test.ts > real node-postgres + Drizzle + revocation gate > owned pool recovers after a server timeout instead of reusing an aborted transaction 1033ms
 ✓ src/experimental/youlinSecurity/__tests__/reader.nodepg.test.ts > real node-postgres + Drizzle + revocation gate > closing an owned pool rejects new work and discards an in-flight result before shutdown completes 39ms
 ✓ src/experimental/youlinSecurity/__tests__/reader.nodepg.test.ts > real node-postgres + Drizzle + revocation gate > owned pool denies permission failures and can recover after permission is restored 23ms
 ✓ src/experimental/youlinSecurity/__tests__/reader.nodepg.test.ts > real node-postgres + Drizzle + revocation gate > reads through pg/Drizzle and does not confuse service and user identities 14ms
 ✓ src/experimental/youlinSecurity/__tests__/reader.nodepg.test.ts > real node-postgres + Drizzle + revocation gate > two independent connection pools observe committed atomic revocation and one set of side effects 19ms
 ✓ src/experimental/youlinSecurity/__tests__/reader.nodepg.test.ts > real node-postgres + Drizzle + revocation gate > does not expose uncommitted revocation; rollback removes state changes and side effects 11ms
 ✓ src/experimental/youlinSecurity/__tests__/reader.nodepg.test.ts > real node-postgres + Drizzle + revocation gate > the reader role cannot write, read audit or invoke the mutation function 22ms
 ✓ src/experimental/youlinSecurity/__tests__/reader.nodepg.test.ts > real node-postgres + Drizzle + revocation gate > unknown and malicious subject identifiers do not authorize or execute injected SQL 11ms
 ✓ src/experimental/youlinSecurity/__tests__/reader.nodepg.test.ts > real node-postgres + Drizzle + revocation gate > demonstrates the unsupported repeatable-read stale snapshot; a primary alone is insufficient 17ms
 ✓ src/experimental/youlinSecurity/__tests__/reader.nodepg.test.ts > real node-postgres + Drizzle + revocation gate > gate denies a blocked read before server statement_timeout ends SQL; the pool remains reusable 1519ms
 ✓ src/experimental/youlinSecurity/__tests__/reader.nodepg.test.ts > real node-postgres + Drizzle + revocation gate > storage permission failure is fail-closed rather than an active-state fallback 10ms
 ✓ src/experimental/youlinSecurity/__tests__/reader.nodepg.test.ts > real node-postgres + Drizzle + revocation gate > round-trips the safe integer maximum and rejects an out-of-range stored epoch 17ms

 Test Files  1 passed (1)
      Tests  18 passed (18)
   Start at  16:00:22
   Duration  4.91s (tests 81%, import 13%, transform 5%, setup 1%)

stderr | src/experimental/youlinSecurity/__tests__/reader.nodepg.test.ts > real node-postgres + Drizzle + revocation gate > owned pool retains its capacity slot after abort until bounded SQL cleanup; surplus requests fail closed
[YoulinSecurity] Authoritative state read failed

stderr | src/experimental/youlinSecurity/__tests__/reader.nodepg.test.ts > real node-postgres + Drizzle + revocation gate > owned pool denies permission failures and can recover after permission is restored
[YoulinSecurity] Authoritative state read failed

stderr | src/experimental/youlinSecurity/__tests__/reader.nodepg.test.ts > real node-postgres + Drizzle + revocation gate > gate denies a blocked read before server statement_timeout ends SQL; the pool remains reusable
[YoulinSecurity] Authoritative state read timed out

stderr | src/experimental/youlinSecurity/__tests__/reader.nodepg.test.ts > real node-postgres + Drizzle + revocation gate > storage permission failure is fail-closed rather than an active-state fallback
[YoulinSecurity] Authoritative state read failed
{"container":"youlin-nodepg-runner-4b76e680-a398-4066-8304-b851f896377c","exitCode":0,"oomKilled":false,"status":"exited"}
Containerized node-postgres integration: passed
Both containers and RAM socket volume cleanup: verified
