{"container":"youlin-nodepg-08c9a658-677d-4392-9904-68b2bf7d90b0","runner":"youlin-nodepg-runner-08c9a658-677d-4392-9904-68b2bf7d90b0","volume":"youlin-nodepg-socket-08c9a658-677d-4392-9904-68b2bf7d90b0","image":"sha256:fe0737ba566a2c5b2a28f34433c0a423261900ec17b9bf7ad115e1aae7e57f1b","network":"none","ports":[],"hostTestExecution":false,"identityShard":"2/2"}
Database isolation verified: no host bind, no network/TCP, RAM socket volume only
CREATE SCHEMA
REVOKE
CREATE TABLE
CREATE TABLE
CREATE TABLE
CREATE TABLE
CREATE FUNCTION
CREATE FUNCTION
REVOKE
REVOKE
CREATE TABLE
CREATE TABLE
ALTER TABLE
CREATE INDEX
CREATE INDEX
CREATE INDEX
CREATE INDEX
Timing is on.
                                  json_build_object                                  
-------------------------------------------------------------------------------------
 {"scope" : "disposable synthetic only", "usersRows" : 0, "usersTableBytes" : 81920}
(1 row)

Time: 0.944 ms
BEGIN
Time: 0.026 ms
CREATE TABLE
Time: 1.893 ms
CREATE TABLE
Time: 2.103 ms
CREATE TABLE
Time: 2.456 ms
CREATE TABLE
Time: 2.897 ms
CREATE TABLE
Time: 2.395 ms
CREATE TABLE
Time: 1.812 ms
CREATE TABLE
Time: 2.061 ms
CREATE TABLE
Time: 2.031 ms
CREATE TABLE
Time: 2.103 ms
ALTER TABLE
Time: 0.129 ms
ALTER TABLE
Time: 1.261 ms
ALTER TABLE
Time: 0.112 ms
ALTER TABLE
Time: 1.002 ms
ALTER TABLE
Time: 0.085 ms
ALTER TABLE
Time: 0.892 ms
ALTER TABLE
Time: 0.087 ms
ALTER TABLE
Time: 0.901 ms
ALTER TABLE
Time: 0.109 ms
ALTER TABLE
Time: 0.950 ms
ALTER TABLE
Time: 0.074 ms
ALTER TABLE
Time: 0.899 ms
ALTER TABLE
Time: 0.072 ms
ALTER TABLE
Time: 0.974 ms
ALTER TABLE
Time: 0.108 ms
ALTER TABLE
Time: 0.922 ms
ALTER TABLE
Time: 0.084 ms
ALTER TABLE
Time: 0.906 ms
ALTER TABLE
Time: 0.071 ms
ALTER TABLE
Time: 0.933 ms
ALTER TABLE
Time: 0.072 ms
ALTER TABLE
Time: 0.983 ms
ALTER TABLE
Time: 0.091 ms
ALTER TABLE
Time: 0.944 ms
ALTER TABLE
Time: 0.112 ms
ALTER TABLE
Time: 0.874 ms
CREATE INDEX
Time: 0.502 ms
CREATE INDEX
Time: 0.559 ms
CREATE INDEX
Time: 0.466 ms
CREATE INDEX
Time: 0.486 ms
CREATE INDEX
Time: 0.469 ms
CREATE INDEX
Time: 0.420 ms
CREATE INDEX
Time: 0.519 ms
CREATE INDEX
Time: 0.443 ms
CREATE INDEX
Time: 0.492 ms
CREATE INDEX
Time: 0.530 ms
CREATE INDEX
Time: 0.517 ms
CREATE INDEX
Time: 0.503 ms
CREATE INDEX
Time: 0.532 ms
CREATE INDEX
Time: 0.436 ms
CREATE INDEX
Time: 0.517 ms
COMMIT
Time: 0.282 ms
BEGIN
Time: 0.193 ms
CREATE TABLE
Time: 0.143 ms
CREATE TABLE
Time: 0.100 ms
CREATE TABLE
Time: 0.097 ms
CREATE TABLE
Time: 0.109 ms
CREATE TABLE
Time: 0.109 ms
CREATE TABLE
Time: 0.085 ms
CREATE TABLE
Time: 0.075 ms
CREATE TABLE
Time: 0.075 ms
CREATE TABLE
Time: 0.083 ms
ALTER TABLE
Time: 1.393 ms
ALTER TABLE
Time: 1.554 ms
ALTER TABLE
Time: 1.905 ms
ALTER TABLE
Time: 1.540 ms
ALTER TABLE
Time: 0.810 ms
ALTER TABLE
Time: 1.043 ms
ALTER TABLE
Time: 0.855 ms
ALTER TABLE
Time: 0.931 ms
ALTER TABLE
Time: 0.915 ms
ALTER TABLE
Time: 1.256 ms
ALTER TABLE
Time: 0.822 ms
ALTER TABLE
Time: 1.085 ms
ALTER TABLE
Time: 0.820 ms
ALTER TABLE
Time: 1.094 ms
ALTER TABLE
Time: 0.870 ms
ALTER TABLE
Time: 1.154 ms
ALTER TABLE
Time: 0.843 ms
ALTER TABLE
Time: 1.270 ms
ALTER TABLE
Time: 0.773 ms
ALTER TABLE
Time: 0.997 ms
ALTER TABLE
Time: 0.791 ms
ALTER TABLE
Time: 1.161 ms
ALTER TABLE
Time: 0.776 ms
ALTER TABLE
Time: 0.997 ms
ALTER TABLE
Time: 0.852 ms
ALTER TABLE
Time: 1.190 ms
CREATE INDEX
Time: 0.157 ms
CREATE INDEX
Time: 0.176 ms
CREATE INDEX
Time: 0.115 ms
CREATE INDEX
Time: 0.138 ms
CREATE INDEX
Time: 0.112 ms
CREATE INDEX
Time: 0.093 ms
CREATE INDEX
Time: 0.151 ms
CREATE INDEX
Time: 0.092 ms
CREATE INDEX
Time: 0.120 ms
CREATE INDEX
Time: 0.169 ms
CREATE INDEX
Time: 0.121 ms
CREATE INDEX
Time: 0.142 ms
CREATE INDEX
Time: 0.173 ms
CREATE INDEX
Time: 0.090 ms
CREATE INDEX
Time: 0.149 ms
COMMIT
Time: 0.130 ms
Timing is off.
CREATE TABLE
INSERT 0 1
CREATE ROLE
GRANT
GRANT
REVOKE
{"nodeContainer":"youlin-nodepg-runner-08c9a658-677d-4392-9904-68b2bf7d90b0","image":"sha256:3ed477794c717c85902ccd54059af2b679b57975c43074d569bdc63fc025a5f7","memoryMiB":2048,"cpus":2,"network":"none","readonlyRoot":true,"writableFiles":[],"inheritedHostEnvironment":false}
RUN  v5.0.0 /workspace/packages/database

stdout | src/repositories/youlinIdentity/__tests__/binding.test.ts
◇ injected env (0) from .env // tip: ⌁ auth for agents [www.vestauth.com]

 ✓ src/repositories/youlinIdentity/__tests__/binding.test.ts > HR anchored principal binding > links a verified service proposal but invalidates credentials and never activates the employee 276ms
 ✓ src/repositories/youlinIdentity/__tests__/binding.test.ts > HR anchored principal binding > serializes two candidates for the same principal without overwriting the first mapping 163ms
 ✓ src/repositories/youlinIdentity/__tests__/binding.test.ts > HR anchored principal binding > routes human proposals to review without creating a binding 199ms
 ✓ src/repositories/youlinIdentity/__tests__/binding.test.ts > HR anchored principal binding > requires human review of an existing same-owner reservation without changing it 175ms
 ✓ src/repositories/youlinIdentity/__tests__/binding.test.ts > HR anchored principal binding > requires human review of an existing other-owner reservation without changing it 152ms
 ✓ src/repositories/youlinIdentity/__tests__/binding.test.ts > HR anchored principal binding > rejects mismatched HR persons and legal entities instead of trusting the requested anchor 109ms
 ✓ src/repositories/youlinIdentity/__tests__/binding.test.ts > HR anchored principal binding > rejects an expired employment stage even when the stored stage status says active 94ms
 ✓ src/repositories/youlinIdentity/__tests__/binding.test.ts > HR anchored principal binding > rejects unregistered issuers before creating a mapping 126ms
 ✓ src/repositories/youlinIdentity/__tests__/binding.test.ts > HR anchored principal binding > cannot use a foreign enterprise subject even with a bind grant 151ms
stdout | src/repositories/youlinIdentity/__tests__/registration.test.ts
◇ injected env (0) from .env // tip: ⌁ auth for agents [www.vestauth.com]

 ✓ src/repositories/youlinIdentity/__tests__/registration.test.ts > HR-anchored registration > creates one pending, unreconciled subject with no inherited permissions 80ms
 ✓ src/repositories/youlinIdentity/__tests__/registration.test.ts > HR-anchored registration > deduplicates concurrent registration without creating a second natural person 73ms
 ✓ src/repositories/youlinIdentity/__tests__/registration.test.ts > HR-anchored registration > does not silently merge two HR anchors into one application account 76ms
 ✓ src/repositories/youlinIdentity/__tests__/registration.test.ts > HR-anchored registration > does not allow cross-enterprise rebinding or reveal the other enterprise 82ms
 ✓ src/repositories/youlinIdentity/__tests__/registration.test.ts > HR-anchored registration > rejects missing and banned accounts without a partial subject or receipt 69ms
stdout | src/repositories/youlinIdentity/__tests__/contracts.test.ts
◇ injected env (0) from .env // tip: ◈ encrypted .env [www.dotenvx.com]

 ✓ src/repositories/youlinIdentity/__tests__/contracts.test.ts > identity transport/storage contracts > does not infer identity from an employee-number format or employee email 6ms
 ✓ src/repositories/youlinIdentity/__tests__/contracts.test.ts > identity transport/storage contracts > rejects forged actor permissions and non-numeric epochs 2ms
 ✓ src/repositories/youlinIdentity/__tests__/contracts.test.ts > identity transport/storage contracts > preserves the safe-integer epoch/revision boundary 1ms
 ✓ src/repositories/youlinIdentity/__tests__/contracts.test.ts > identity transport/storage contracts > requires the explicit HR/legal-entity anchor for a human principal binding 2ms
 ✓ src/repositories/youlinIdentity/__tests__/contracts.test.ts > identity transport/storage contracts > bounds UTF-8 issuer size before a composite database index is written 1ms
 ✓ src/repositories/youlinIdentity/__tests__/contracts.test.ts > identity transport/storage contracts > accepts an empty complete stage set but rejects duplicate stage keys 2ms
 ✓ src/repositories/youlinIdentity/__tests__/contracts.test.ts > identity transport/storage contracts > rejects inverted employment intervals and oversized snapshots 3ms
 ✓ src/repositories/youlinIdentity/__tests__/contracts.test.ts > identity transport/storage contracts > does not accept invented allow receipts or secrets in persisted command results 10ms
stdout | src/repositories/youlinIdentity/__tests__/integrity.test.ts
◇ injected env (0) from .env // tip: ⌘ suppress logs { quiet: true }

 ✓ src/repositories/youlinIdentity/__tests__/integrity.test.ts > generated identity schema integrity > rejects cross-enterprise bindings and grants at the database boundary 50ms
 ✓ src/repositories/youlinIdentity/__tests__/integrity.test.ts > generated identity schema integrity > reserves a principal globally, even after its binding is revoked 32ms
 ✓ src/repositories/youlinIdentity/__tests__/integrity.test.ts > generated identity schema integrity > enforces current legal-entity employee-number uniqueness without guessing global uniqueness 42ms
stdout | src/repositories/youlinIdentity/__tests__/lifecycle.test.ts
◇ injected env (0) from .env // tip: ⌘ custom filepath { path: '/custom/path/.env' }

 ✓ src/repositories/youlinIdentity/__tests__/lifecycle.test.ts > shared credential invalidation transition > never moves the credential barrier backwards and never restores old grants 48ms
 ✓ src/repositories/youlinIdentity/__tests__/lifecycle.test.ts > shared credential invalidation transition > rejects stale target revisions without deleting grants or overwriting newer state 30ms
 ✓ src/repositories/youlinIdentity/__tests__/lifecycle.test.ts > shared credential invalidation transition > turns the last representable transition into permanent denial, not pending activation 26ms

 Test Files  5 passed (5)
      Tests  28 passed (28)
   Start at  04:04:31
   Duration  20.08s (import 54%, transform 24%, tests 12%, environment 10%, setup 1%)

     Import  335 modules were evaluated 1269 times · 10.36s total, 54% of tracked time
             ~7.63s faster with isolate: false — shared modules are evaluated once per worker instead of once per file
             learn more: https://vitest.dev/guide/improving-performance#test-isolation
{"container":"youlin-nodepg-runner-08c9a658-677d-4392-9904-68b2bf7d90b0","exitCode":0,"oomKilled":false,"status":"exited"}
Containerized identity repository integration: passed
Both containers and RAM socket volume cleanup: verified
