{"container":"youlin-nodepg-2d26068a-a552-4d0a-8131-728173557fd9","runner":"youlin-nodepg-runner-2d26068a-a552-4d0a-8131-728173557fd9","volume":"youlin-nodepg-socket-2d26068a-a552-4d0a-8131-728173557fd9","image":"sha256:fe0737ba566a2c5b2a28f34433c0a423261900ec17b9bf7ad115e1aae7e57f1b","network":"none","ports":[],"hostTestExecution":false,"identityShard":"2/2"}
Database isolation verified: no host bind, no network/TCP, RAM socket volume only
CREATE SCHEMA
REVOKE
CREATE TABLE
CREATE TABLE
CREATE TABLE
CREATE TABLE
CREATE FUNCTION
CREATE FUNCTION
REVOKE
REVOKE
CREATE TABLE
CREATE TABLE
ALTER TABLE
CREATE INDEX
CREATE INDEX
CREATE INDEX
CREATE INDEX
Timing is on.
                                  json_build_object                                  
-------------------------------------------------------------------------------------
 {"scope" : "disposable synthetic only", "usersRows" : 0, "usersTableBytes" : 81920}
(1 row)

Time: 1.228 ms
BEGIN
Time: 0.033 ms
CREATE TABLE
Time: 2.517 ms
CREATE TABLE
Time: 2.746 ms
CREATE TABLE
Time: 3.207 ms
CREATE TABLE
Time: 3.798 ms
CREATE TABLE
Time: 3.163 ms
CREATE TABLE
Time: 2.339 ms
CREATE TABLE
Time: 2.691 ms
CREATE TABLE
Time: 2.623 ms
CREATE TABLE
Time: 2.748 ms
ALTER TABLE
Time: 0.131 ms
ALTER TABLE
Time: 1.597 ms
ALTER TABLE
Time: 0.122 ms
ALTER TABLE
Time: 1.301 ms
ALTER TABLE
Time: 0.089 ms
ALTER TABLE
Time: 1.160 ms
ALTER TABLE
Time: 0.092 ms
ALTER TABLE
Time: 1.145 ms
ALTER TABLE
Time: 0.120 ms
ALTER TABLE
Time: 1.232 ms
ALTER TABLE
Time: 0.074 ms
ALTER TABLE
Time: 1.183 ms
ALTER TABLE
Time: 0.073 ms
ALTER TABLE
Time: 1.267 ms
ALTER TABLE
Time: 0.118 ms
ALTER TABLE
Time: 1.184 ms
ALTER TABLE
Time: 0.086 ms
ALTER TABLE
Time: 1.203 ms
ALTER TABLE
Time: 0.071 ms
ALTER TABLE
Time: 1.199 ms
ALTER TABLE
Time: 0.070 ms
ALTER TABLE
Time: 1.269 ms
ALTER TABLE
Time: 0.086 ms
ALTER TABLE
Time: 1.216 ms
ALTER TABLE
Time: 0.117 ms
ALTER TABLE
Time: 1.128 ms
CREATE INDEX
Time: 0.632 ms
CREATE INDEX
Time: 0.716 ms
CREATE INDEX
Time: 0.581 ms
CREATE INDEX
Time: 0.612 ms
CREATE INDEX
Time: 0.597 ms
CREATE INDEX
Time: 0.531 ms
CREATE INDEX
Time: 0.665 ms
CREATE INDEX
Time: 0.561 ms
CREATE INDEX
Time: 0.620 ms
CREATE INDEX
Time: 0.680 ms
CREATE INDEX
Time: 0.649 ms
CREATE INDEX
Time: 0.620 ms
CREATE INDEX
Time: 0.676 ms
CREATE INDEX
Time: 0.548 ms
CREATE INDEX
Time: 0.658 ms
COMMIT
Time: 0.293 ms
BEGIN
Time: 0.179 ms
CREATE TABLE
Time: 0.145 ms
CREATE TABLE
Time: 0.099 ms
CREATE TABLE
Time: 0.091 ms
CREATE TABLE
Time: 0.106 ms
CREATE TABLE
Time: 0.113 ms
CREATE TABLE
Time: 0.075 ms
CREATE TABLE
Time: 0.066 ms
CREATE TABLE
Time: 0.065 ms
CREATE TABLE
Time: 0.075 ms
ALTER TABLE
Time: 1.787 ms
ALTER TABLE
Time: 2.090 ms
ALTER TABLE
Time: 1.247 ms
ALTER TABLE
Time: 1.998 ms
ALTER TABLE
Time: 1.061 ms
ALTER TABLE
Time: 1.334 ms
ALTER TABLE
Time: 1.105 ms
ALTER TABLE
Time: 1.209 ms
ALTER TABLE
Time: 1.183 ms
ALTER TABLE
Time: 1.563 ms
ALTER TABLE
Time: 1.079 ms
ALTER TABLE
Time: 1.404 ms
ALTER TABLE
Time: 1.063 ms
ALTER TABLE
Time: 1.444 ms
ALTER TABLE
Time: 1.143 ms
ALTER TABLE
Time: 1.510 ms
ALTER TABLE
Time: 1.121 ms
ALTER TABLE
Time: 1.634 ms
ALTER TABLE
Time: 1.012 ms
ALTER TABLE
Time: 1.317 ms
ALTER TABLE
Time: 1.042 ms
ALTER TABLE
Time: 1.501 ms
ALTER TABLE
Time: 1.009 ms
ALTER TABLE
Time: 1.312 ms
ALTER TABLE
Time: 1.113 ms
ALTER TABLE
Time: 1.507 ms
CREATE INDEX
Time: 0.198 ms
CREATE INDEX
Time: 0.216 ms
CREATE INDEX
Time: 0.137 ms
CREATE INDEX
Time: 0.168 ms
CREATE INDEX
Time: 0.132 ms
CREATE INDEX
Time: 0.110 ms
CREATE INDEX
Time: 0.187 ms
CREATE INDEX
Time: 0.108 ms
CREATE INDEX
Time: 0.145 ms
CREATE INDEX
Time: 0.209 ms
CREATE INDEX
Time: 0.148 ms
CREATE INDEX
Time: 0.177 ms
CREATE INDEX
Time: 0.216 ms
CREATE INDEX
Time: 0.107 ms
CREATE INDEX
Time: 0.183 ms
COMMIT
Time: 0.137 ms
Timing is off.
CREATE TABLE
INSERT 0 1
CREATE ROLE
GRANT
GRANT
REVOKE
{"nodeContainer":"youlin-nodepg-runner-2d26068a-a552-4d0a-8131-728173557fd9","image":"sha256:3ed477794c717c85902ccd54059af2b679b57975c43074d569bdc63fc025a5f7","memoryMiB":2048,"cpus":2,"network":"none","readonlyRoot":true,"writableFiles":[],"inheritedHostEnvironment":false}
RUN  v5.0.0 /workspace/packages/database

stdout | src/repositories/youlinIdentity/__tests__/binding.test.ts
◇ injected env (0) from .env // tip: ◈ encrypted .env [www.dotenvx.com]

 ✓ src/repositories/youlinIdentity/__tests__/binding.test.ts > HR anchored principal binding > links a verified service proposal but invalidates credentials and never activates the employee 252ms
 ✓ src/repositories/youlinIdentity/__tests__/binding.test.ts > HR anchored principal binding > serializes two candidates for the same principal without overwriting the first mapping 201ms
 ✓ src/repositories/youlinIdentity/__tests__/binding.test.ts > HR anchored principal binding > routes human proposals to review without creating a binding 217ms
 ✓ src/repositories/youlinIdentity/__tests__/binding.test.ts > HR anchored principal binding > requires human review of an existing same-owner reservation without changing it 216ms
 ✓ src/repositories/youlinIdentity/__tests__/binding.test.ts > HR anchored principal binding > requires human review of an existing other-owner reservation without changing it 251ms
 ✓ src/repositories/youlinIdentity/__tests__/binding.test.ts > HR anchored principal binding > rejects mismatched HR persons and legal entities instead of trusting the requested anchor 182ms
 ✓ src/repositories/youlinIdentity/__tests__/binding.test.ts > HR anchored principal binding > rejects an expired employment stage even when the stored stage status says active 142ms
 ✓ src/repositories/youlinIdentity/__tests__/binding.test.ts > HR anchored principal binding > rejects unregistered issuers before creating a mapping 91ms
 ✓ src/repositories/youlinIdentity/__tests__/binding.test.ts > HR anchored principal binding > cannot use a foreign enterprise subject even with a bind grant 87ms
stdout | src/repositories/youlinIdentity/__tests__/registration.test.ts
◇ injected env (0) from .env // tip: ⌘ multiple files { path: ['.env.local', '.env'] }

 ✓ src/repositories/youlinIdentity/__tests__/registration.test.ts > HR-anchored registration > creates one pending, unreconciled subject with no inherited permissions 68ms
 ✓ src/repositories/youlinIdentity/__tests__/registration.test.ts > HR-anchored registration > deduplicates concurrent registration without creating a second natural person 47ms
 ✓ src/repositories/youlinIdentity/__tests__/registration.test.ts > HR-anchored registration > does not silently merge two HR anchors into one application account 63ms
 ✓ src/repositories/youlinIdentity/__tests__/registration.test.ts > HR-anchored registration > does not allow cross-enterprise rebinding or reveal the other enterprise 51ms
 ✓ src/repositories/youlinIdentity/__tests__/registration.test.ts > HR-anchored registration > rejects missing and banned accounts without a partial subject or receipt 56ms
stdout | src/repositories/youlinIdentity/__tests__/contracts.test.ts
◇ injected env (0) from .env // tip: ◈ secrets for agents [www.dotenvx.com]

 ✓ src/repositories/youlinIdentity/__tests__/contracts.test.ts > identity transport/storage contracts > does not infer identity from an employee-number format or employee email 6ms
 ✓ src/repositories/youlinIdentity/__tests__/contracts.test.ts > identity transport/storage contracts > rejects forged actor permissions and non-numeric epochs 2ms
 ✓ src/repositories/youlinIdentity/__tests__/contracts.test.ts > identity transport/storage contracts > preserves the safe-integer epoch/revision boundary 1ms
 ✓ src/repositories/youlinIdentity/__tests__/contracts.test.ts > identity transport/storage contracts > requires the explicit HR/legal-entity anchor for a human principal binding 2ms
 ✓ src/repositories/youlinIdentity/__tests__/contracts.test.ts > identity transport/storage contracts > bounds UTF-8 issuer size before a composite database index is written 1ms
 ✓ src/repositories/youlinIdentity/__tests__/contracts.test.ts > identity transport/storage contracts > accepts an empty complete stage set but rejects duplicate stage keys 2ms
 ✓ src/repositories/youlinIdentity/__tests__/contracts.test.ts > identity transport/storage contracts > rejects inverted employment intervals and oversized snapshots 2ms
 ✓ src/repositories/youlinIdentity/__tests__/contracts.test.ts > identity transport/storage contracts > does not accept invented allow receipts or secrets in persisted command results 2ms
stdout | src/repositories/youlinIdentity/__tests__/integrity.test.ts
◇ injected env (0) from .env // tip: ◈ encrypted .env [www.dotenvx.com]

 ✓ src/repositories/youlinIdentity/__tests__/integrity.test.ts > generated identity schema integrity > rejects cross-enterprise bindings and grants at the database boundary 49ms
 ✓ src/repositories/youlinIdentity/__tests__/integrity.test.ts > generated identity schema integrity > reserves a principal globally, even after its binding is revoked 31ms
 ✓ src/repositories/youlinIdentity/__tests__/integrity.test.ts > generated identity schema integrity > enforces current legal-entity employee-number uniqueness without guessing global uniqueness 44ms
stdout | src/repositories/youlinIdentity/__tests__/lifecycle.test.ts
◇ injected env (0) from .env // tip: ◈ secrets for agents [www.dotenvx.com]

 ✓ src/repositories/youlinIdentity/__tests__/lifecycle.test.ts > shared credential invalidation transition > never moves the credential barrier backwards and never restores old grants 60ms
 ✓ src/repositories/youlinIdentity/__tests__/lifecycle.test.ts > shared credential invalidation transition > rejects stale target revisions without deleting grants or overwriting newer state 64ms
 ✓ src/repositories/youlinIdentity/__tests__/lifecycle.test.ts > shared credential invalidation transition > turns the last representable transition into permanent denial, not pending activation 28ms

 Test Files  5 passed (5)
      Tests  28 passed (28)
   Start at  04:07:20
   Duration  20.55s (import 52%, transform 25%, tests 12%, environment 10%, setup 1%)

     Import  335 modules were evaluated 1269 times · 10.23s total, 52% of tracked time
             ~7.53s faster with isolate: false — shared modules are evaluated once per worker instead of once per file
             learn more: https://vitest.dev/guide/improving-performance#test-isolation
{"container":"youlin-nodepg-runner-2d26068a-a552-4d0a-8131-728173557fd9","exitCode":0,"oomKilled":false,"status":"exited"}
Containerized identity repository integration: passed
Both containers and RAM socket volume cleanup: verified
