{"container":"youlin-nodepg-3bb8f836-d175-42ee-a602-37d6fb1bd3aa","runner":"youlin-nodepg-runner-3bb8f836-d175-42ee-a602-37d6fb1bd3aa","volume":"youlin-nodepg-socket-3bb8f836-d175-42ee-a602-37d6fb1bd3aa","image":"sha256:fe0737ba566a2c5b2a28f34433c0a423261900ec17b9bf7ad115e1aae7e57f1b","network":"none","ports":[],"hostTestExecution":false,"identityShard":"1/2"}
Database isolation verified: no host bind, no network/TCP, RAM socket volume only
CREATE SCHEMA
REVOKE
CREATE TABLE
CREATE TABLE
CREATE TABLE
CREATE TABLE
CREATE FUNCTION
CREATE FUNCTION
REVOKE
REVOKE
CREATE TABLE
CREATE TABLE
ALTER TABLE
CREATE INDEX
CREATE INDEX
CREATE INDEX
CREATE INDEX
Timing is on.
                                  json_build_object                                  
-------------------------------------------------------------------------------------
 {"scope" : "disposable synthetic only", "usersRows" : 0, "usersTableBytes" : 81920}
(1 row)

Time: 1.184 ms
BEGIN
Time: 0.041 ms
CREATE TABLE
Time: 2.463 ms
CREATE TABLE
Time: 2.782 ms
CREATE TABLE
Time: 3.194 ms
CREATE TABLE
Time: 3.783 ms
CREATE TABLE
Time: 3.095 ms
CREATE TABLE
Time: 2.346 ms
CREATE TABLE
Time: 2.683 ms
CREATE TABLE
Time: 2.606 ms
CREATE TABLE
Time: 2.758 ms
ALTER TABLE
Time: 0.128 ms
ALTER TABLE
Time: 1.579 ms
ALTER TABLE
Time: 0.120 ms
ALTER TABLE
Time: 1.322 ms
ALTER TABLE
Time: 0.089 ms
ALTER TABLE
Time: 1.139 ms
ALTER TABLE
Time: 0.090 ms
ALTER TABLE
Time: 1.139 ms
ALTER TABLE
Time: 0.117 ms
ALTER TABLE
Time: 1.238 ms
ALTER TABLE
Time: 0.072 ms
ALTER TABLE
Time: 1.169 ms
ALTER TABLE
Time: 0.076 ms
ALTER TABLE
Time: 1.773 ms
ALTER TABLE
Time: 0.351 ms
ALTER TABLE
Time: 1.223 ms
ALTER TABLE
Time: 0.086 ms
ALTER TABLE
Time: 1.172 ms
ALTER TABLE
Time: 0.070 ms
ALTER TABLE
Time: 1.209 ms
ALTER TABLE
Time: 0.070 ms
ALTER TABLE
Time: 1.262 ms
ALTER TABLE
Time: 0.086 ms
ALTER TABLE
Time: 1.201 ms
ALTER TABLE
Time: 0.116 ms
ALTER TABLE
Time: 1.137 ms
CREATE INDEX
Time: 0.636 ms
CREATE INDEX
Time: 0.716 ms
CREATE INDEX
Time: 0.580 ms
CREATE INDEX
Time: 0.612 ms
CREATE INDEX
Time: 0.583 ms
CREATE INDEX
Time: 0.542 ms
CREATE INDEX
Time: 0.660 ms
CREATE INDEX
Time: 0.560 ms
CREATE INDEX
Time: 0.621 ms
CREATE INDEX
Time: 0.684 ms
CREATE INDEX
Time: 0.636 ms
CREATE INDEX
Time: 0.676 ms
CREATE INDEX
Time: 0.686 ms
CREATE INDEX
Time: 0.552 ms
CREATE INDEX
Time: 0.658 ms
COMMIT
Time: 0.319 ms
BEGIN
Time: 0.196 ms
CREATE TABLE
Time: 0.145 ms
CREATE TABLE
Time: 0.097 ms
CREATE TABLE
Time: 0.089 ms
CREATE TABLE
Time: 0.103 ms
CREATE TABLE
Time: 0.109 ms
CREATE TABLE
Time: 0.079 ms
CREATE TABLE
Time: 0.074 ms
CREATE TABLE
Time: 0.069 ms
CREATE TABLE
Time: 0.078 ms
ALTER TABLE
Time: 1.815 ms
ALTER TABLE
Time: 2.034 ms
ALTER TABLE
Time: 1.261 ms
ALTER TABLE
Time: 2.006 ms
ALTER TABLE
Time: 1.050 ms
ALTER TABLE
Time: 1.397 ms
ALTER TABLE
Time: 1.126 ms
ALTER TABLE
Time: 1.218 ms
ALTER TABLE
Time: 1.228 ms
ALTER TABLE
Time: 1.595 ms
ALTER TABLE
Time: 1.089 ms
ALTER TABLE
Time: 1.443 ms
ALTER TABLE
Time: 1.089 ms
ALTER TABLE
Time: 1.422 ms
ALTER TABLE
Time: 1.188 ms
ALTER TABLE
Time: 1.516 ms
ALTER TABLE
Time: 1.118 ms
ALTER TABLE
Time: 1.400 ms
ALTER TABLE
Time: 0.809 ms
ALTER TABLE
Time: 1.035 ms
ALTER TABLE
Time: 0.839 ms
ALTER TABLE
Time: 1.194 ms
ALTER TABLE
Time: 0.807 ms
ALTER TABLE
Time: 1.034 ms
ALTER TABLE
Time: 0.906 ms
ALTER TABLE
Time: 1.220 ms
CREATE INDEX
Time: 0.177 ms
CREATE INDEX
Time: 0.184 ms
CREATE INDEX
Time: 0.114 ms
CREATE INDEX
Time: 0.137 ms
CREATE INDEX
Time: 0.119 ms
CREATE INDEX
Time: 0.099 ms
CREATE INDEX
Time: 0.155 ms
CREATE INDEX
Time: 0.100 ms
CREATE INDEX
Time: 0.124 ms
CREATE INDEX
Time: 0.179 ms
CREATE INDEX
Time: 0.128 ms
CREATE INDEX
Time: 0.149 ms
CREATE INDEX
Time: 0.179 ms
CREATE INDEX
Time: 0.120 ms
CREATE INDEX
Time: 0.164 ms
COMMIT
Time: 0.126 ms
Timing is off.
CREATE TABLE
INSERT 0 1
CREATE ROLE
GRANT
GRANT
REVOKE
{"nodeContainer":"youlin-nodepg-runner-3bb8f836-d175-42ee-a602-37d6fb1bd3aa","image":"sha256:3ed477794c717c85902ccd54059af2b679b57975c43074d569bdc63fc025a5f7","memoryMiB":2048,"cpus":2,"network":"none","readonlyRoot":true,"writableFiles":[],"inheritedHostEnvironment":false}
RUN  v5.0.0 /workspace/packages/database

stdout | src/repositories/youlinIdentity/__tests__/commandRunner.test.ts
◇ injected env (0) from .env // tip: ⌘ multiple files { path: ['.env.local', '.env'] }

 ✓ src/repositories/youlinIdentity/__tests__/commandRunner.test.ts > identity transactional command boundary > is explicitly opt-in and refuses an already borrowed Drizzle transaction 66ms
 ✓ src/repositories/youlinIdentity/__tests__/commandRunner.test.ts > identity transactional command boundary > commits state, receipt, audit and outbox together and deduplicates concurrent retries 105ms
 ✓ src/repositories/youlinIdentity/__tests__/commandRunner.test.ts > identity transactional command boundary > rejects reuse with different arguments without an extra mutation 78ms
 ✓ src/repositories/youlinIdentity/__tests__/commandRunner.test.ts > identity transactional command boundary > requires current permission even for a previously committed receipt 56ms
 ✓ src/repositories/youlinIdentity/__tests__/commandRunner.test.ts > identity transactional command boundary > denies stale epochs, disabled actors and cross-enterprise actor reuse 56ms
 ✓ src/repositories/youlinIdentity/__tests__/commandRunner.test.ts > identity transactional command boundary > does not restore old grants just because the actor has a fresh epoch 36ms
 ✓ src/repositories/youlinIdentity/__tests__/commandRunner.test.ts > identity transactional command boundary > rechecks authority after waiting on the enterprise lock 49ms
 ✓ src/repositories/youlinIdentity/__tests__/commandRunner.test.ts > identity transactional command boundary > does not let a legacy banned application user act through an otherwise active registry 66ms
 ✓ src/repositories/youlinIdentity/__tests__/commandRunner.test.ts > identity transactional command boundary > rolls back all state on an audit insertion failure 71ms
 ✓ src/repositories/youlinIdentity/__tests__/commandRunner.test.ts > identity transactional command boundary > correlates unexpected failures without logging private error messages 56ms
 ✓ src/repositories/youlinIdentity/__tests__/commandRunner.test.ts > identity transactional command boundary > labels malformed fresh results as validation failures, not stored corruption 51ms
 ✓ src/repositories/youlinIdentity/__tests__/commandRunner.test.ts > identity transactional command boundary > revalidates database-stored receipts instead of forwarding unknown allow payloads 61ms
stdout | src/repositories/youlinIdentity/__tests__/credentialCleanup.test.ts
◇ injected env (0) from .env // tip: ⌘ multiple files { path: ['.env.local', '.env'] }

 ✓ src/repositories/youlinIdentity/__tests__/credentialCleanup.test.ts > private credential-cleanup attestation sink > atomically records exact-epoch completion without activation, grants or transport ACK 92ms
 ✓ src/repositories/youlinIdentity/__tests__/credentialCleanup.test.ts > private credential-cleanup attestation sink > does not let a delayed completion or historical replay certify a newer epoch 77ms
 ✓ src/repositories/youlinIdentity/__tests__/credentialCleanup.test.ts > private credential-cleanup attestation sink > serializes a racing completion and fresh denial without retaining stale confirmation 89ms
 ✓ src/repositories/youlinIdentity/__tests__/credentialCleanup.test.ts > private credential-cleanup attestation sink > binds the attestation to an actual revocation event, not an arbitrary current epoch 91ms
 ✓ src/repositories/youlinIdentity/__tests__/credentialCleanup.test.ts > private credential-cleanup attestation sink > isolates enterprises even when a caller knows the event UUID 65ms
 ✓ src/repositories/youlinIdentity/__tests__/credentialCleanup.test.ts > private credential-cleanup attestation sink > requires the current dedicated service grant, not a human or relay-only role 89ms
 ✓ src/repositories/youlinIdentity/__tests__/credentialCleanup.test.ts > private credential-cleanup attestation sink > rejects active targets and terminal counters rather than treating them as cleaned 80ms
 ✓ src/repositories/youlinIdentity/__tests__/credentialCleanup.test.ts > private credential-cleanup attestation sink > rejects raw provider responses and caller-supplied approval fields 55ms
 ✓ src/repositories/youlinIdentity/__tests__/credentialCleanup.test.ts > private credential-cleanup attestation sink > rolls back the confirmation when audit persistence fails after the subject update 84ms
stdout | src/repositories/youlinIdentity/__tests__/employment.test.ts
◇ injected env (0) from .env // tip: ⌘ enable debugging { debug: true }

 ✓ src/repositories/youlinIdentity/__tests__/employment.test.ts > normalized authoritative HR snapshots > accepts the first complete snapshot without automatically activating or granting access 102ms
 ✓ src/repositories/youlinIdentity/__tests__/employment.test.ts > normalized authoritative HR snapshots > preserves the natural person/account and ended stages through offboarding and rehire 85ms
 ✓ src/repositories/youlinIdentity/__tests__/employment.test.ts > normalized authoritative HR snapshots > does not rotate credentials for an unchanged snapshot with a newer source revision 91ms
 ✓ src/repositories/youlinIdentity/__tests__/employment.test.ts > normalized authoritative HR snapshots > normalizes equivalent timestamps and stage order before hashing 109ms
 ✓ src/repositories/youlinIdentity/__tests__/employment.test.ts > normalized authoritative HR snapshots > rejects stale revisions and quarantines contradictory content at the same revision 173ms
 ✓ src/repositories/youlinIdentity/__tests__/employment.test.ts > normalized authoritative HR snapshots > does not resurrect an ended stage by reusing its old stage key 191ms
 ✓ src/repositories/youlinIdentity/__tests__/employment.test.ts > normalized authoritative HR snapshots > quarantines unapproved parallel employment without choosing an arbitrary winner 117ms
 ✓ src/repositories/youlinIdentity/__tests__/employment.test.ts > normalized authoritative HR snapshots > serializes competing employee keys and quarantines exactly one candidate 129ms
 ✓ src/repositories/youlinIdentity/__tests__/employment.test.ts > normalized authoritative HR snapshots > isolates enterprise anchors even for a privileged HR service 92ms
 ✓ src/repositories/youlinIdentity/__tests__/employment.test.ts > normalized authoritative HR snapshots > does not let ordinary provisioning permission or a human account impersonate the HR service 77ms
stdout | src/repositories/youlinIdentity/__tests__/outbox.test.ts
◇ injected env (0) from .env // tip: ⌁ auth for agents [www.vestauth.com]

 ✓ src/repositories/youlinIdentity/__tests__/outbox.test.ts > private identity event outbox > lets only one racing relay lease an event; delivery is not IdP cleanup proof 98ms
 ✓ src/repositories/youlinIdentity/__tests__/outbox.test.ts > private identity event outbox > reclaims an expired lease with a new token and rejects the old worker 78ms
 ✓ src/repositories/youlinIdentity/__tests__/outbox.test.ts > private identity event outbox > bounds retries and retains exhausted events as dead, not silently discarded 69ms
 ✓ src/repositories/youlinIdentity/__tests__/outbox.test.ts > private identity event outbox > marks a crash-expired final attempt dead instead of leasing indefinitely 51ms
 ✓ src/repositories/youlinIdentity/__tests__/outbox.test.ts > private identity event outbox > rejects acknowledgement when a lease expires while waiting for the control lock 49ms
 ✓ src/repositories/youlinIdentity/__tests__/outbox.test.ts > private identity event outbox > honors backoff using database time 91ms
 ✓ src/repositories/youlinIdentity/__tests__/outbox.test.ts > private identity event outbox > does not claim or acknowledge another enterprise even with its token 116ms
stdout | src/repositories/youlinIdentity/__tests__/revocation.test.ts
◇ injected env (0) from .env // tip: ⌘ custom filepath { path: '/custom/path/.env' }

 ✓ src/repositories/youlinIdentity/__tests__/revocation.test.ts > persistent identity revocation > atomically denies, increments epoch, removes grants and persists durable provider intent 72ms
 ✓ src/repositories/youlinIdentity/__tests__/revocation.test.ts > persistent identity revocation > serializes competing CAS commands: only one advances the target epoch 46ms
 ✓ src/repositories/youlinIdentity/__tests__/revocation.test.ts > persistent identity revocation > cannot revoke another enterprise subject 41ms
 ✓ src/repositories/youlinIdentity/__tests__/revocation.test.ts > persistent identity revocation > fails closed at epoch exhaustion rather than overflowing or leaving access active 42ms
stdout | src/repositories/youlinIdentity/__tests__/authorityTransaction.test.ts
◇ injected env (0) from .env // tip: ⌁ auth for agents [www.vestauth.com]

 ✓ src/repositories/youlinIdentity/__tests__/authorityTransaction.test.ts > shared authority transaction > uses a fresh writable read-committed transaction and snapshots caller options 52ms
 ✓ src/repositories/youlinIdentity/__tests__/authorityTransaction.test.ts > shared authority transaction > requires the operation-specific current grant 28ms
 ✓ src/repositories/youlinIdentity/__tests__/authorityTransaction.test.ts > shared authority transaction > denies terminal authority revisions even with an active actor and current grant 25ms
 ✓ src/repositories/youlinIdentity/__tests__/authorityTransaction.test.ts > shared authority transaction > denies terminal-epoch actors even if inconsistent data says active with a matching grant 26ms

 Test Files  6 passed (6)
      Tests  46 passed (46)
   Start at  03:54:05
   Duration  28.77s (import 57%, transform 20%, tests 14%, environment 8%, setup 1%)

     Import  338 modules were evaluated 1902 times · 15.81s total, 57% of tracked time
             ~13.00s faster with isolate: false — shared modules are evaluated once per worker instead of once per file
             learn more: https://vitest.dev/guide/improving-performance#test-isolation

stderr | src/repositories/youlinIdentity/__tests__/commandRunner.test.ts > identity transactional command boundary > rolls back all state on an audit insertion failure
[YoulinIdentity] Command result requires reconciliation {
  attemptId: '471fbd73-188e-42b2-a9db-8ce6694fd541',
  category: 'internal_or_commit_unconfirmed',
  operation: 'register_person'
}

stderr | src/repositories/youlinIdentity/__tests__/commandRunner.test.ts > identity transactional command boundary > revalidates database-stored receipts instead of forwarding unknown allow payloads
[YoulinIdentity] Command result requires reconciliation {
  attemptId: '55fe95e7-8969-4e9a-8201-59697694d3a5',
  category: 'validation',
  operation: 'register_person'
}

stderr | src/repositories/youlinIdentity/__tests__/credentialCleanup.test.ts > private credential-cleanup attestation sink > rolls back the confirmation when audit persistence fails after the subject update
[YoulinIdentity] Command result requires reconciliation {
  attemptId: '53fe7938-256c-4f71-8b68-fe9e19797ce5',
  category: 'internal_or_commit_unconfirmed',
  operation: 'record_credential_cleanup'
}
{"container":"youlin-nodepg-runner-3bb8f836-d175-42ee-a602-37d6fb1bd3aa","exitCode":0,"oomKilled":false,"status":"exited"}
Containerized identity repository integration: passed
Both containers and RAM socket volume cleanup: verified
