{"container":"youlin-nodepg-2d0e266d-6570-4dc9-92f0-962d65108b57","runner":"youlin-nodepg-runner-2d0e266d-6570-4dc9-92f0-962d65108b57","volume":"youlin-nodepg-socket-2d0e266d-6570-4dc9-92f0-962d65108b57","image":"sha256:fe0737ba566a2c5b2a28f34433c0a423261900ec17b9bf7ad115e1aae7e57f1b","network":"none","ports":[],"hostTestExecution":false,"identityShard":null}
Database isolation verified: no host bind, no network/TCP, RAM socket volume only
{"nodeContainer":"youlin-nodepg-runner-2d0e266d-6570-4dc9-92f0-962d65108b57","image":"sha256:3ed477794c717c85902ccd54059af2b679b57975c43074d569bdc63fc025a5f7","memoryMiB":2048,"cpus":2,"network":"none","readonlyRoot":true,"writableFiles":[],"inheritedHostEnvironment":false}
TAP version 13
# Subtest: commits deny, audit, outbox and receipt together; emitted event matches K03
ok 1 - commits deny, audit, outbox and receipt together; emitted event matches K03
  ---
  duration_ms: 494.268888
  type: 'test'
  ...
# Subtest: retries with a new request ID return the original receipt without duplicate writes
ok 2 - retries with a new request ID return the original receipt without duplicate writes
  ---
  duration_ms: 213.447138
  type: 'test'
  ...
# Subtest: same actor/key with changed payload is an idempotency conflict
ok 3 - same actor/key with changed payload is an idempotency conflict
  ---
  duration_ms: 207.759294
  type: 'test'
  ...
# Subtest: key reuse across subjects cannot revoke the second subject
ok 4 - key reuse across subjects cannot revoke the second subject
  ---
  duration_ms: 242.122783
  type: 'test'
  ...
# Subtest: idempotency receipts are actor-bound, not globally shared
ok 5 - idempotency receipts are actor-bound, not globally shared
  ---
  duration_ms: 181.733822
  type: 'test'
  ...
# Subtest: stale source versions are rejected with no partial writes
ok 6 - stale source versions are rejected with no partial writes
  ---
  duration_ms: 286.009521
  type: 'test'
  ...
# Subtest: CAS rejects stale expected epoch without writing audit or outbox
ok 7 - CAS rejects stale expected epoch without writing audit or outbox
  ---
  duration_ms: 175.172295
  type: 'test'
  ...
# Subtest: unknown subjects are not automatically created or activated
ok 8 - unknown subjects are not automatically created or activated
  ---
  duration_ms: 201.201412
  type: 'test'
  ...
# Subtest: user and service with identical IDs have independent global states
ok 9 - user and service with identical IDs have independent global states
  ---
  duration_ms: 160.819817
  type: 'test'
  ...
# Subtest: concurrent identical commands produce one transition and one receipt
ok 10 - concurrent identical commands produce one transition and one receipt
  ---
  duration_ms: 163.60752
  type: 'test'
  ...
# Subtest: concurrent reuse of one key across subjects has one winner and no second revocation
ok 11 - concurrent reuse of one key across subjects has one winner and no second revocation
  ---
  duration_ms: 163.504995
  type: 'test'
  ...
# Subtest: concurrent different commands on one epoch have exactly one CAS winner
ok 12 - concurrent different commands on one epoch have exactly one CAS winner
  ---
  duration_ms: 136.856378
  type: 'test'
  ...
# Subtest: an audit insert failure rolls back the deny update
ok 13 - an audit insert failure rolls back the deny update
  ---
  duration_ms: 258.578981
  type: 'test'
  ...
# Subtest: an outbox failure rolls back deny and audit; the same key can retry after repair
ok 14 - an outbox failure rolls back deny and audit; the same key can retry after repair
  ---
  duration_ms: 328.393694
  type: 'test'
  ...
# Subtest: a receipt failure rolls back deny, audit and outbox together
ok 15 - a receipt failure rolls back deny, audit and outbox together
  ---
  duration_ms: 267.859254
  type: 'test'
  ...
# Subtest: terminating only the synthetic transaction backend before COMMIT rolls back all writes
ok 16 - terminating only the synthetic transaction backend before COMMIT rolls back all writes
  ---
  duration_ms: 183.951868
  type: 'test'
  ...
# Subtest: an old replay after a newer revocation never restores an older epoch
ok 17 - an old replay after a newer revocation never restores an older epoch
  ---
  duration_ms: 250.83451
  type: 'test'
  ...
# Subtest: safe-integer exhaustion never wraps the epoch
ok 18 - safe-integer exhaustion never wraps the epoch
  ---
  duration_ms: 210.077026
  type: 'test'
  ...
# Subtest: quoted synthetic values are bound as data and cannot inject SQL
ok 19 - quoted synthetic values are bound as data and cannot inject SQL
  ---
  duration_ms: 164.908007
  type: 'test'
  ...
# SQL workload complete; Docker service cleanup belongs to coordinator
# Subtest: the existing TypeScript gate rereads PostgreSQL and denies after committed revocation
ok 20 - the existing TypeScript gate rereads PostgreSQL and denies after committed revocation
  ---
  duration_ms: 168.969158
  type: 'test'
  ...
1..20
# tests 20
# suites 0
# pass 20
# fail 0
# cancelled 0
# skipped 0
# todo 0
# duration_ms 4606.787178
{"container":"youlin-nodepg-runner-2d0e266d-6570-4dc9-92f0-962d65108b57","exitCode":0,"oomKilled":false,"status":"exited"}
Containerized SQL integration: passed
Both containers and RAM socket volume cleanup: verified
