{"nodeContainer":"youlin-command-ae38dc4c-2fe4-46c3-ac1a-1202dc29f186","image":"sha256:3ed477794c717c85902ccd54059af2b679b57975c43074d569bdc63fc025a5f7","memoryMiB":2048,"cpus":2,"network":"none","readonlyRoot":true,"writableFiles":[],"inheritedHostEnvironment":false}
TAP version 13
# Subtest: workflow is opt-in, serialized and restricted to a protected default branch
ok 1 - workflow is opt-in, serialized and restricted to a protected default branch
  ---
  duration_ms: 1.53392
  type: 'test'
  ...
# Subtest: contract rejects fork-trigger and unprotected-ref regressions
ok 2 - contract rejects fork-trigger and unprotected-ref regressions
  ---
  duration_ms: 2.673983
  type: 'test'
  ...
# Subtest: prepared runner must match the dispatched commit and reject dirty source
ok 3 - prepared runner must match the dispatched commit and reject dirty source
  ---
  duration_ms: 0.326356
  type: 'test'
  ...
# Subtest: all test, type and document workloads use Docker coordinators
ok 4 - all test, type and document workloads use Docker coordinators
  ---
  duration_ms: 0.900355
  type: 'test'
  ...
# Subtest: raw artifacts remain private and completion does not claim UAT
ok 5 - raw artifacts remain private and completion does not claim UAT
  ---
  duration_ms: 0.252839
  type: 'test'
  ...
# Subtest: runtime is a non-root container
ok 6 - runtime is a non-root container
  ---
  duration_ms: 1.432946
  type: 'test'
  ...
# Subtest: runtime has no external network and has enforced resource caps
ok 7 - runtime has no external network and has enforced resource caps
  ---
  duration_ms: 1.393309
  type: 'test'
  ...
# Subtest: host environment, credentials, private documents and Docker socket are absent
ok 8 - host environment, credentials, private documents and Docker socket are absent
  ---
  duration_ms: 0.351537
  type: 'test'
  ...
# Subtest: real formatting configs are mounted and source is read-only
ok 9 - real formatting configs are mounted and source is read-only
  ---
  duration_ms: 0.790533
  type: 'test'
  ...
# Subtest: home and tool data directories are writable ephemeral locations
ok 10 - home and tool data directories are writable ephemeral locations
  ---
  duration_ms: 2.136886
  type: 'test'
  ...
# Subtest: default stdout remains parseable without successful stderr diagnostics
ok 11 - default stdout remains parseable without successful stderr diagnostics
  ---
  duration_ms: 51.083809
  type: 'test'
  ...
# Subtest: diagnostic callers can capture successful stderr (docker logs uses both streams)
ok 12 - diagnostic callers can capture successful stderr (docker logs uses both streams)
  ---
  duration_ms: 43.625351
  type: 'test'
  ...
# Subtest: a failed process is rejected with its diagnostic
ok 13 - a failed process is rejected with its diagnostic
  ---
  duration_ms: 48.884561
  type: 'test'
  ...
# Subtest: abort rejects a pending child instead of returning a successful empty result
ok 14 - abort rejects a pending child instead of returning a successful empty result
  ---
  duration_ms: 2.348956
  type: 'test'
  ...
1..14
# tests 14
# suites 0
# pass 14
# fail 0
# cancelled 0
# skipped 0
# todo 0
# duration_ms 494.4304
{"container":"youlin-command-ae38dc4c-2fe4-46c3-ac1a-1202dc29f186","exitCode":0,"oomKilled":false,"status":"exited"}
Command container cleanup: verified
