{"nodeContainer":"youlin-command-8e4ef30d-be10-4544-8f65-9152e554d490","image":"sha256:3ed477794c717c85902ccd54059af2b679b57975c43074d569bdc63fc025a5f7","memoryMiB":2048,"cpus":2,"network":"none","readonlyRoot":true,"writableFiles":[],"inheritedHostEnvironment":false}
TAP version 13
# Subtest: workflow is opt-in, serialized and restricted to a protected default branch
ok 1 - workflow is opt-in, serialized and restricted to a protected default branch
  ---
  duration_ms: 1.16304
  type: 'test'
  ...
# Subtest: contract rejects fork-trigger and unprotected-ref regressions
ok 2 - contract rejects fork-trigger and unprotected-ref regressions
  ---
  duration_ms: 2.021815
  type: 'test'
  ...
# Subtest: prepared runner must match the dispatched commit and reject dirty source
ok 3 - prepared runner must match the dispatched commit and reject dirty source
  ---
  duration_ms: 0.249271
  type: 'test'
  ...
# Subtest: all test, type and document workloads use Docker coordinators
ok 4 - all test, type and document workloads use Docker coordinators
  ---
  duration_ms: 0.6965
  type: 'test'
  ...
# Subtest: raw artifacts remain private and completion does not claim UAT
ok 5 - raw artifacts remain private and completion does not claim UAT
  ---
  duration_ms: 0.193047
  type: 'test'
  ...
# Subtest: runtime is a non-root container
ok 6 - runtime is a non-root container
  ---
  duration_ms: 1.419986
  type: 'test'
  ...
# Subtest: runtime has no external network and has enforced resource caps
ok 7 - runtime has no external network and has enforced resource caps
  ---
  duration_ms: 1.387115
  type: 'test'
  ...
# Subtest: host environment, credentials, private documents and Docker socket are absent
ok 8 - host environment, credentials, private documents and Docker socket are absent
  ---
  duration_ms: 0.371914
  type: 'test'
  ...
# Subtest: real formatting configs are mounted and source is read-only
ok 9 - real formatting configs are mounted and source is read-only
  ---
  duration_ms: 0.789732
  type: 'test'
  ...
# Subtest: home and tool data directories are writable ephemeral locations
ok 10 - home and tool data directories are writable ephemeral locations
  ---
  duration_ms: 2.11841
  type: 'test'
  ...
# Subtest: default stdout remains parseable without successful stderr diagnostics
ok 11 - default stdout remains parseable without successful stderr diagnostics
  ---
  duration_ms: 53.249824
  type: 'test'
  ...
# Subtest: diagnostic callers can capture successful stderr (docker logs uses both streams)
ok 12 - diagnostic callers can capture successful stderr (docker logs uses both streams)
  ---
  duration_ms: 38.682253
  type: 'test'
  ...
# Subtest: a failed process is rejected with its diagnostic
ok 13 - a failed process is rejected with its diagnostic
  ---
  duration_ms: 43.971182
  type: 'test'
  ...
# Subtest: abort rejects a pending child instead of returning a successful empty result
ok 14 - abort rejects a pending child instead of returning a successful empty result
  ---
  duration_ms: 2.195359
  type: 'test'
  ...
# Subtest: default and SQL modes keep their distinct scopes
ok 15 - default and SQL modes keep their distinct scopes
  ---
  duration_ms: 1.150849
  type: 'test'
  ...
# Subtest: unsharded identity remains available without changing the suite selector
ok 16 - unsharded identity remains available without changing the suite selector
  ---
  duration_ms: 0.179733
  type: 'test'
  ...
# Subtest: both complementary identity shards are accepted
ok 17 - both complementary identity shards are accepted
  ---
  duration_ms: 0.307373
  type: 'test'
  ...
# Subtest: invalid or duplicated shard selectors fail before environment allocation
ok 18 - invalid or duplicated shard selectors fail before environment allocation
  ---
  duration_ms: 0.426892
  type: 'test'
  ...
# Subtest: shards cannot disguise SQL or schema-only checks as identity behavior coverage
ok 19 - shards cannot disguise SQL or schema-only checks as identity behavior coverage
  ---
  duration_ms: 0.360771
  type: 'test'
  ...
# Subtest: artifact and schema-only modes are retained and unknown flags rejected
ok 20 - artifact and schema-only modes are retained and unknown flags rejected
  ---
  duration_ms: 0.234099
  type: 'test'
  ...
1..20
# tests 20
# suites 0
# pass 20
# fail 0
# cancelled 0
# skipped 0
# todo 0
# duration_ms 538.472323
{"container":"youlin-command-8e4ef30d-be10-4544-8f65-9152e554d490","exitCode":0,"oomKilled":false,"status":"exited"}
Command container cleanup: verified
