{"nodeContainer":"youlin-command-82ae0cb9-906c-4ae8-9ce1-70042a811468","image":"sha256:3ed477794c717c85902ccd54059af2b679b57975c43074d569bdc63fc025a5f7","memoryMiB":4096,"cpus":2,"network":"none","readonlyRoot":true,"writableFiles":["packages/types/src/youlinModelBudget.ts","packages/types/src/index.ts","apps/server/src/modules/YoulinModelAccess/money.ts","apps/server/src/modules/YoulinModelAccess/period.ts","apps/server/src/modules/YoulinModelAccess/reservation.ts","apps/server/src/modules/YoulinModelAccess/settlement.ts","apps/server/src/modules/YoulinModelAccess/__tests__/budget.test.ts"],"inheritedHostEnvironment":false}
Explicit-file check only: disposable empty Git metadata; no baseline/diff verification
✓ 7 files · lint clean (2 auto-fixed)

auto-fixed (2 files, full diff: /tmp/check-autofix-1790232335438.diff):
apps/server/src/modules/YoulinModelAccess/reservation.ts
--- a/apps/server/src/modules/YoulinModelAccess/reservation.ts
+++ b/apps/server/src/modules/YoulinModelAccess/reservation.ts
@@ -132,11 +132,14 @@
 ): YoulinModelReservation => {
   assertReservationScope(account, reservation);
   const currentPrice = requireGrant(account, policy, reservation);
-  if (currentPrice.version !== reservation.price.version ||
-      currentPrice.inputMicroUsdPerMillion !== reservation.price.inputMicroUsdPerMillion ||
-      currentPrice.cachedInputMicroUsdPerMillion !== reservation.price.cachedInputMicroUsdPerMillion ||
-      currentPrice.outputMicroUsdPerMillion !== reservation.price.outputMicroUsdPerMillion ||
-      currentPrice.requestMicroUsd !== reservation.price.requestMicroUsd)
+  if (
+    currentPrice.version !== reservation.price.version ||
+    currentPrice.inputMicroUsdPerMillion !== reservation.price.inputMicroUsdPerMillion ||
+    currentPrice.cachedInputMicroUsdPerMillion !==
+      reservation.price.cachedInputMicroUsdPerMillion ||
+    currentPrice.outputMicroUsdPerMillion !== reservation.price.outputMicroUsdPerMillion ||
+    currentPrice.requestMicroUsd !== reservation.price.requestMicroUsd
+  )
     throw new YoulinModelBudgetError('PRICE_CHANGED');
   if (reservation.state !== 'reserved')
     throw new YoulinModelBudgetError('DISPATCH_ALREADY_CLAIMED');

apps/server/src/modules/YoulinModelAccess/__tests__/budget.test.ts
--- a/apps/server/src/modules/YoulinModelAccess/__tests__/budget.test.ts
+++ b/apps/server/src/modules/YoulinModelAccess/__tests__/budget.test.ts
@@ -219,8 +219,15 @@
   });
   it('requires a fresh quote when pricing changes before dispatch', () => {
     const state = reserved();
-    const changed = { ...policy(), models: [{ ...policy().models[0], price: { ...price, outputMicroUsdPerMillion: 3_000_000n } }] };
-    expect(() => beginModelDispatch(state.account, changed, state.reservation, now)).toThrow('PRICE_CHANGED');
+    const changed = {
+      ...policy(),
+      models: [
+        { ...policy().models[0], price: { ...price, outputMicroUsdPerMillion: 3_000_000n } },
+      ],
+    };
+    expect(() => beginModelDispatch(state.account, changed, state.reservation, now)).toThrow(
+      'PRICE_CHANGED',
+    );
   });
 
   it('takes a detached immutable price snapshot', () => {
Container autofix evidence: check-autofix-1790232335438.diff
--- a/apps/server/src/modules/YoulinModelAccess/reservation.ts
+++ b/apps/server/src/modules/YoulinModelAccess/reservation.ts
@@ -132,11 +132,14 @@
 ): YoulinModelReservation => {
   assertReservationScope(account, reservation);
   const currentPrice = requireGrant(account, policy, reservation);
-  if (currentPrice.version !== reservation.price.version ||
-      currentPrice.inputMicroUsdPerMillion !== reservation.price.inputMicroUsdPerMillion ||
-      currentPrice.cachedInputMicroUsdPerMillion !== reservation.price.cachedInputMicroUsdPerMillion ||
-      currentPrice.outputMicroUsdPerMillion !== reservation.price.outputMicroUsdPerMillion ||
-      currentPrice.requestMicroUsd !== reservation.price.requestMicroUsd)
+  if (
+    currentPrice.version !== reservation.price.version ||
+    currentPrice.inputMicroUsdPerMillion !== reservation.price.inputMicroUsdPerMillion ||
+    currentPrice.cachedInputMicroUsdPerMillion !==
+      reservation.price.cachedInputMicroUsdPerMillion ||
+    currentPrice.outputMicroUsdPerMillion !== reservation.price.outputMicroUsdPerMillion ||
+    currentPrice.requestMicroUsd !== reservation.price.requestMicroUsd
+  )
     throw new YoulinModelBudgetError('PRICE_CHANGED');
   if (reservation.state !== 'reserved')
     throw new YoulinModelBudgetError('DISPATCH_ALREADY_CLAIMED');

--- a/apps/server/src/modules/YoulinModelAccess/__tests__/budget.test.ts
+++ b/apps/server/src/modules/YoulinModelAccess/__tests__/budget.test.ts
@@ -219,8 +219,15 @@
   });
   it('requires a fresh quote when pricing changes before dispatch', () => {
     const state = reserved();
-    const changed = { ...policy(), models: [{ ...policy().models[0], price: { ...price, outputMicroUsdPerMillion: 3_000_000n } }] };
-    expect(() => beginModelDispatch(state.account, changed, state.reservation, now)).toThrow('PRICE_CHANGED');
+    const changed = {
+      ...policy(),
+      models: [
+        { ...policy().models[0], price: { ...price, outputMicroUsdPerMillion: 3_000_000n } },
+      ],
+    };
+    expect(() => beginModelDispatch(state.account, changed, state.reservation, now)).toThrow(
+      'PRICE_CHANGED',
+    );
   });
 
   it('takes a detached immutable price snapshot', () => {

$ bun run .agents/scripts/check/cli.ts --lint packages/types/src/youlinModelBudget.ts packages/types/src/index.ts apps/server/src/modules/YoulinModelAccess/money.ts apps/server/src/modules/YoulinModelAccess/period.ts apps/server/src/modules/YoulinModelAccess/reservation.ts apps/server/src/modules/YoulinModelAccess/settlement.ts apps/server/src/modules/YoulinModelAccess/__tests__/budget.test.ts
{"container":"youlin-command-82ae0cb9-906c-4ae8-9ce1-70042a811468","exitCode":0,"oomKilled":false,"status":"exited"}
Command container cleanup: verified
